[2025-06-28 23:51:07,542: INFO: main: Welcome to our custom loggin]
[2025-06-29 00:18:41,658: INFO: main: Welcome to our custom loggin]
[2025-06-29 10:05:40,469: INFO: main: >>>>>> stage Data Ingestion Stage started <<<<<<]
[2025-06-29 10:05:40,472: INFO: common: yaml file: config\config.yaml loaded successfuly]
[2025-06-29 10:05:40,475: INFO: common: yaml file: params.yaml loaded successfuly]
[2025-06-29 10:05:40,475: ERROR: main: yaml file is empty]
Traceback (most recent call last):
  File "d:\programming\mlops\practice\wine_quality_prediction\src\mlProject\utils\common.py", line 31, in read_yaml
    return Box(content)
  File "box\\box.py", line 295, in box.box.Box.__init__
box.exceptions.BoxValueError: First argument must be mapping or iterable

During handling of the above exception, another exception occurred:

Traceback (most recent call last):
  File "D:\Programming\MLOps\Practice\Wine_Quality_Prediction\main.py", line 8, in <module>
    obj.main()
    ~~~~~~~~^^
  File "d:\programming\mlops\practice\wine_quality_prediction\src\mlProject\pipeline\stage_01_data_ingestion.py", line 12, in main
    config = ConfigurationManager()
  File "d:\programming\mlops\practice\wine_quality_prediction\src\mlProject\config\configuration.py", line 13, in __init__
    self.params = read_yaml(params_filepath)
                  ~~~~~~~~~^^^^^^^^^^^^^^^^^
  File "C:\Users\kumay\AppData\Roaming\Python\Python313\site-packages\ensure\main.py", line 872, in __call__
    return_val = self.f(*args, **kwargs)
  File "d:\programming\mlops\practice\wine_quality_prediction\src\mlProject\utils\common.py", line 33, in read_yaml
    raise ValueError("yaml file is empty")
ValueError: yaml file is empty
[2025-06-29 10:06:22,723: INFO: main: >>>>>> stage Data Ingestion Stage started <<<<<<]
[2025-06-29 10:06:22,725: INFO: common: yaml file: config\config.yaml loaded successfuly]
[2025-06-29 10:06:22,726: INFO: common: yaml file: params.yaml loaded successfuly]
[2025-06-29 10:06:22,727: INFO: common: yaml file: params.yaml loaded successfuly]
[2025-06-29 10:06:22,728: INFO: common: created directory at: artifacts_root]
[2025-06-29 10:06:22,730: INFO: common: created directory at: artifacts/data_ingestion]
[2025-06-29 10:06:22,731: ERROR: main: DataIngestionConfig.__init__() got an unexpected keyword argument 'unzip_dir'. Did you mean 'uzip_dir'?]
Traceback (most recent call last):
  File "D:\Programming\MLOps\Practice\Wine_Quality_Prediction\main.py", line 8, in <module>
    obj.main()
    ~~~~~~~~^^
  File "d:\programming\mlops\practice\wine_quality_prediction\src\mlProject\pipeline\stage_01_data_ingestion.py", line 13, in main
    data_ingestion_config = config.get_data_ingestion_config()
  File "d:\programming\mlops\practice\wine_quality_prediction\src\mlProject\config\configuration.py", line 22, in get_data_ingestion_config
    data_ingestion_config = DataIngestionConfig(
        root_dir=config.root_dir,
    ...<2 lines>...
        unzip_dir = config.unzip_dir
    )
TypeError: DataIngestionConfig.__init__() got an unexpected keyword argument 'unzip_dir'. Did you mean 'uzip_dir'?
[2025-06-29 10:11:21,471: INFO: main: >>>>>> stage Data Ingestion Stage started <<<<<<]
[2025-06-29 10:11:21,473: INFO: common: yaml file: config\config.yaml loaded successfuly]
[2025-06-29 10:11:21,474: INFO: common: yaml file: params.yaml loaded successfuly]
[2025-06-29 10:11:21,474: INFO: common: yaml file: params.yaml loaded successfuly]
[2025-06-29 10:11:21,475: INFO: common: created directory at: artifacts_root]
[2025-06-29 10:11:21,476: INFO: common: created directory at: artifacts/data_ingestion]
[2025-06-29 10:11:22,761: INFO: data_ingestion: artifacts/data_ingestion/data.zip download! with following info: 
Date: Sun, 29 Jun 2025 04:41:23 GMT
Content-Type: text/html; charset=utf-8
Vary: X-PJAX, X-PJAX-Container, Turbo-Visit, Turbo-Frame, X-Requested-With,Accept-Encoding, Accept, X-Requested-With
x-repository-download: git clone https://github.com/entbappy/Branching-tutorial.git
x-raw-download: https://raw.githubusercontent.com/entbappy/Branching-tutorial/master/winequality.zip
ETag: W/"4a21009d98a1cbf213e08d28242f4d66"
Cache-Control: max-age=0, private, must-revalidate
Strict-Transport-Security: max-age=31536000; includeSubdomains; preload
X-Frame-Options: deny
X-Content-Type-Options: nosniff
X-XSS-Protection: 0
Referrer-Policy: no-referrer-when-downgrade
Content-Security-Policy: default-src 'none'; base-uri 'self'; child-src github.githubassets.com github.com/assets-cdn/worker/ github.com/assets/ gist.github.com/assets-cdn/worker/; connect-src 'self' uploads.github.com www.githubstatus.com collector.github.com raw.githubusercontent.com api.github.com github-cloud.s3.amazonaws.com github-production-repository-file-5c1aeb.s3.amazonaws.com github-production-upload-manifest-file-7fdce7.s3.amazonaws.com github-production-user-asset-6210df.s3.amazonaws.com *.rel.tunnels.api.visualstudio.com wss://*.rel.tunnels.api.visualstudio.com objects-origin.githubusercontent.com copilot-proxy.githubusercontent.com proxy.individual.githubcopilot.com proxy.business.githubcopilot.com proxy.enterprise.githubcopilot.com *.actions.githubusercontent.com wss://*.actions.githubusercontent.com productionresultssa0.blob.core.windows.net/ productionresultssa1.blob.core.windows.net/ productionresultssa2.blob.core.windows.net/ productionresultssa3.blob.core.windows.net/ productionresultssa4.blob.core.windows.net/ productionresultssa5.blob.core.windows.net/ productionresultssa6.blob.core.windows.net/ productionresultssa7.blob.core.windows.net/ productionresultssa8.blob.core.windows.net/ productionresultssa9.blob.core.windows.net/ productionresultssa10.blob.core.windows.net/ productionresultssa11.blob.core.windows.net/ productionresultssa12.blob.core.windows.net/ productionresultssa13.blob.core.windows.net/ productionresultssa14.blob.core.windows.net/ productionresultssa15.blob.core.windows.net/ productionresultssa16.blob.core.windows.net/ productionresultssa17.blob.core.windows.net/ productionresultssa18.blob.core.windows.net/ productionresultssa19.blob.core.windows.net/ github-production-repository-image-32fea6.s3.amazonaws.com github-production-release-asset-2e65be.s3.amazonaws.com insights.github.com wss://alive.github.com api.githubcopilot.com api.individual.githubcopilot.com api.business.githubcopilot.com api.enterprise.githubcopilot.com; font-src github.githubassets.com; form-action 'self' github.com gist.github.com copilot-workspace.githubnext.com objects-origin.githubusercontent.com; frame-ancestors 'none'; frame-src viewscreen.githubusercontent.com notebooks.githubusercontent.com; img-src 'self' data: blob: github.githubassets.com media.githubusercontent.com camo.githubusercontent.com identicons.github.com avatars.githubusercontent.com private-avatars.githubusercontent.com github-cloud.s3.amazonaws.com objects.githubusercontent.com release-assets.githubusercontent.com secured-user-images.githubusercontent.com/ user-images.githubusercontent.com/ private-user-images.githubusercontent.com opengraph.githubassets.com copilotprodattachments.blob.core.windows.net/github-production-copilot-attachments/ github-production-user-asset-6210df.s3.amazonaws.com customer-stories-feed.github.com spotlights-feed.github.com objects-origin.githubusercontent.com *.githubusercontent.com; manifest-src 'self'; media-src github.com user-images.githubusercontent.com/ secured-user-images.githubusercontent.com/ private-user-images.githubusercontent.com github-production-user-asset-6210df.s3.amazonaws.com gist.github.com; script-src github.githubassets.com; style-src 'unsafe-inline' github.githubassets.com; upgrade-insecure-requests; worker-src github.githubassets.com github.com/assets-cdn/worker/ github.com/assets/ gist.github.com/assets-cdn/worker/
Server: github.com
Accept-Ranges: bytes
Set-Cookie: _gh_sess=U%2F9QaKhKtgKashYQRC2I%2FS%2F9yoPMs1PPg8dmCVlZF9MeBszu%2F5aZZX0yfYKod5Yrw4qwlx25b9hUYrHhxiHlJzWk23PyhdhV0gR6enwA%2BTBAALt8IkvUY%2BRPsOrRl%2Bgq1m%2FBvpYCs19C5YRDbUIdZ5roCGvIy6w2tCMUKQ5D1Fw4NJglDhmdFIP5SaC0iubNQTcOVfxo17C7NrhtLDFAUtFNbE20x7EnyP8hqxcxLOYVl14Zez2HU%2BIk%2F91PcmHH8Q2HP%2Bw7o%2BTGCEKFk54RXA%3D%3D--X2MkMhNhCRGpjQtf--tz7IsqUKpskC7gQGXOF%2FkA%3D%3D; Path=/; HttpOnly; Secure; SameSite=Lax
Set-Cookie: _octo=GH1.1.97502278.1751172083; Path=/; Domain=github.com; Expires=Mon, 29 Jun 2026 04:41:23 GMT; Secure; SameSite=Lax
Set-Cookie: logged_in=no; Path=/; Domain=github.com; Expires=Mon, 29 Jun 2026 04:41:23 GMT; HttpOnly; Secure; SameSite=Lax
X-GitHub-Request-Id: C089:19367D:A63EE2:DBB749:6860C3F3
connection: close
Transfer-Encoding: chunked

]
[2025-06-29 10:11:22,763: ERROR: main: File is not a zip file]
Traceback (most recent call last):
  File "D:\Programming\MLOps\Practice\Wine_Quality_Prediction\main.py", line 8, in <module>
    obj.main()
    ~~~~~~~~^^
  File "d:\programming\mlops\practice\wine_quality_prediction\src\mlProject\pipeline\stage_01_data_ingestion.py", line 16, in main
    data_ingestion.extract_zip_file()
    ~~~~~~~~~~~~~~~~~~~~~~~~~~~~~~~^^
  File "d:\programming\mlops\practice\wine_quality_prediction\src\mlProject\components\data_ingestion.py", line 34, in extract_zip_file
    with zipfile.ZipFile(self.config.local_data_file, 'r') as zip_ref:
         ~~~~~~~~~~~~~~~^^^^^^^^^^^^^^^^^^^^^^^^^^^^^^^^^^
  File "D:\Programming\MLOps\Practice\Wine_Quality_Prediction\venv\Lib\zipfile\__init__.py", line 1385, in __init__
    self._RealGetContents()
    ~~~~~~~~~~~~~~~~~~~~~^^
  File "D:\Programming\MLOps\Practice\Wine_Quality_Prediction\venv\Lib\zipfile\__init__.py", line 1452, in _RealGetContents
    raise BadZipFile("File is not a zip file")
zipfile.BadZipFile: File is not a zip file
[2025-06-29 10:19:13,790: INFO: common: yaml file: config\config.yaml loaded successfuly]
[2025-06-29 10:19:13,795: INFO: common: yaml file: params.yaml loaded successfuly]
[2025-06-29 10:19:13,797: INFO: common: yaml file: params.yaml loaded successfuly]
[2025-06-29 10:19:13,799: INFO: common: created directory at: artifacts_root]
[2025-06-29 10:19:13,800: INFO: common: created directory at: artifacts/data_ingestion]
[2025-06-29 10:19:13,802: INFO: 2345065745: File already exists of size: ~ 178 KB]
[2025-06-29 10:27:32,857: INFO: common: yaml file: config\config.yaml loaded successfuly]
[2025-06-29 10:27:32,860: INFO: common: yaml file: params.yaml loaded successfuly]
[2025-06-29 10:27:32,863: INFO: common: yaml file: params.yaml loaded successfuly]
[2025-06-29 10:27:32,865: INFO: common: created directory at: artifacts_root]
[2025-06-29 10:27:32,867: INFO: common: created directory at: artifacts/data_ingestion]
[2025-06-29 10:27:34,059: INFO: 2345065745: artifacts/data_ingestion/data.zip download! with following info: 
Date: Sun, 29 Jun 2025 04:57:33 GMT
Content-Type: text/html; charset=utf-8
Vary: X-PJAX, X-PJAX-Container, Turbo-Visit, Turbo-Frame, X-Requested-With,Accept-Encoding, Accept, X-Requested-With
x-repository-download: git clone https://github.com/entbappy/Branching-tutorial.git
x-raw-download: https://raw.githubusercontent.com/entbappy/Branching-tutorial/master/winequality.zip
ETag: W/"78a7188404dcea89aa7e966bd7d8db13"
Cache-Control: max-age=0, private, must-revalidate
Strict-Transport-Security: max-age=31536000; includeSubdomains; preload
X-Frame-Options: deny
X-Content-Type-Options: nosniff
X-XSS-Protection: 0
Referrer-Policy: no-referrer-when-downgrade
Content-Security-Policy: default-src 'none'; base-uri 'self'; child-src github.githubassets.com github.com/assets-cdn/worker/ github.com/assets/ gist.github.com/assets-cdn/worker/; connect-src 'self' uploads.github.com www.githubstatus.com collector.github.com raw.githubusercontent.com api.github.com github-cloud.s3.amazonaws.com github-production-repository-file-5c1aeb.s3.amazonaws.com github-production-upload-manifest-file-7fdce7.s3.amazonaws.com github-production-user-asset-6210df.s3.amazonaws.com *.rel.tunnels.api.visualstudio.com wss://*.rel.tunnels.api.visualstudio.com objects-origin.githubusercontent.com copilot-proxy.githubusercontent.com proxy.individual.githubcopilot.com proxy.business.githubcopilot.com proxy.enterprise.githubcopilot.com *.actions.githubusercontent.com wss://*.actions.githubusercontent.com productionresultssa0.blob.core.windows.net/ productionresultssa1.blob.core.windows.net/ productionresultssa2.blob.core.windows.net/ productionresultssa3.blob.core.windows.net/ productionresultssa4.blob.core.windows.net/ productionresultssa5.blob.core.windows.net/ productionresultssa6.blob.core.windows.net/ productionresultssa7.blob.core.windows.net/ productionresultssa8.blob.core.windows.net/ productionresultssa9.blob.core.windows.net/ productionresultssa10.blob.core.windows.net/ productionresultssa11.blob.core.windows.net/ productionresultssa12.blob.core.windows.net/ productionresultssa13.blob.core.windows.net/ productionresultssa14.blob.core.windows.net/ productionresultssa15.blob.core.windows.net/ productionresultssa16.blob.core.windows.net/ productionresultssa17.blob.core.windows.net/ productionresultssa18.blob.core.windows.net/ productionresultssa19.blob.core.windows.net/ github-production-repository-image-32fea6.s3.amazonaws.com github-production-release-asset-2e65be.s3.amazonaws.com insights.github.com wss://alive.github.com api.githubcopilot.com api.individual.githubcopilot.com api.business.githubcopilot.com api.enterprise.githubcopilot.com; font-src github.githubassets.com; form-action 'self' github.com gist.github.com copilot-workspace.githubnext.com objects-origin.githubusercontent.com; frame-ancestors 'none'; frame-src viewscreen.githubusercontent.com notebooks.githubusercontent.com; img-src 'self' data: blob: github.githubassets.com media.githubusercontent.com camo.githubusercontent.com identicons.github.com avatars.githubusercontent.com private-avatars.githubusercontent.com github-cloud.s3.amazonaws.com objects.githubusercontent.com release-assets.githubusercontent.com secured-user-images.githubusercontent.com/ user-images.githubusercontent.com/ private-user-images.githubusercontent.com opengraph.githubassets.com copilotprodattachments.blob.core.windows.net/github-production-copilot-attachments/ github-production-user-asset-6210df.s3.amazonaws.com customer-stories-feed.github.com spotlights-feed.github.com objects-origin.githubusercontent.com *.githubusercontent.com; manifest-src 'self'; media-src github.com user-images.githubusercontent.com/ secured-user-images.githubusercontent.com/ private-user-images.githubusercontent.com github-production-user-asset-6210df.s3.amazonaws.com gist.github.com; script-src github.githubassets.com; style-src 'unsafe-inline' github.githubassets.com; upgrade-insecure-requests; worker-src github.githubassets.com github.com/assets-cdn/worker/ github.com/assets/ gist.github.com/assets-cdn/worker/
Server: github.com
Accept-Ranges: bytes
Set-Cookie: _gh_sess=%2FBzpgWyShbBbg93RyjGly2b2B72Bhc3JVK8m522sa9DeHCEv3Q41wJyoXQ9qrYshXsxu1wZZkmkBfsQPQ%2BY0K%2FLHRaLSMCqDbipEp6pR6O8ZF5ds9ohEN9pfoDnGFReMGClqDcH5AnbBzaRkFG%2FSZW8AV%2FF1l8AmmsalsaIVRR04HgO%2FcCpjSvH8eJ7xRc8v0%2BiPpLyX%2FJzaJSNQ2zbAsgcH%2B3MkcT%2BQEL8rnqzVlElQTrg6uy6RM%2FgNNY4YtcBSTxuAQA5IsWsjAbL%2FY3NoLw%3D%3D--BFPgE5PLfzsq2MKY--k7TfYfezs1ult5CAmKh6lg%3D%3D; Path=/; HttpOnly; Secure; SameSite=Lax
Set-Cookie: _octo=GH1.1.503721424.1751173053; Path=/; Domain=github.com; Expires=Mon, 29 Jun 2026 04:57:33 GMT; Secure; SameSite=Lax
Set-Cookie: logged_in=no; Path=/; Domain=github.com; Expires=Mon, 29 Jun 2026 04:57:33 GMT; HttpOnly; Secure; SameSite=Lax
X-GitHub-Request-Id: C467:0B05:CAF13:11DC87:6860C7BD
connection: close
Transfer-Encoding: chunked

]
[2025-06-29 10:33:51,051: INFO: common: yaml file: config\config.yaml loaded successfuly]
[2025-06-29 10:33:51,054: INFO: common: yaml file: params.yaml loaded successfuly]
[2025-06-29 10:33:51,057: INFO: common: yaml file: params.yaml loaded successfuly]
[2025-06-29 10:33:51,059: INFO: common: created directory at: artifacts_root]
[2025-06-29 10:33:51,061: INFO: common: created directory at: artifacts/data_ingestion]
[2025-06-29 10:33:51,063: INFO: 2710807330: File already exists of size: ~ 178 KB]
[2025-06-29 10:34:32,077: INFO: common: yaml file: config\config.yaml loaded successfuly]
[2025-06-29 10:34:32,081: INFO: common: yaml file: params.yaml loaded successfuly]
[2025-06-29 10:34:32,084: INFO: common: yaml file: params.yaml loaded successfuly]
[2025-06-29 10:34:32,087: INFO: common: created directory at: artifacts_root]
[2025-06-29 10:34:32,088: INFO: common: created directory at: artifacts/data_ingestion]
[2025-06-29 10:34:32,091: INFO: 3046160286: File already exists of size: ~ 178 KB]
[2025-06-29 11:56:47,360: INFO: common: yaml file: config\config.yaml loaded successfuly]
[2025-06-29 11:56:47,362: INFO: common: yaml file: params.yaml loaded successfuly]
[2025-06-29 11:56:47,364: INFO: common: yaml file: params.yaml loaded successfuly]
[2025-06-29 11:56:47,365: INFO: common: created directory at: artifacts_root]
[2025-06-29 11:56:47,367: INFO: common: created directory at: artifacts/data_ingestion]
[2025-06-29 11:56:48,002: INFO: 3046160286: artifacts/data_ingestion/data.zip download! with following info: 
Date: Sun, 29 Jun 2025 06:26:47 GMT
Content-Type: text/html; charset=utf-8
Vary: X-PJAX, X-PJAX-Container, Turbo-Visit, Turbo-Frame, X-Requested-With,Accept-Encoding, Accept, X-Requested-With
x-repository-download: git clone https://github.com/entbappy/Branching-tutorial.git
x-raw-download: https://raw.githubusercontent.com/entbappy/Branching-tutorial/master/winequality.zip
ETag: W/"0e7a986b78e8850e9e9da6680bca451e"
Cache-Control: max-age=0, private, must-revalidate
Strict-Transport-Security: max-age=31536000; includeSubdomains; preload
X-Frame-Options: deny
X-Content-Type-Options: nosniff
X-XSS-Protection: 0
Referrer-Policy: no-referrer-when-downgrade
Content-Security-Policy: default-src 'none'; base-uri 'self'; child-src github.githubassets.com github.com/assets-cdn/worker/ github.com/assets/ gist.github.com/assets-cdn/worker/; connect-src 'self' uploads.github.com www.githubstatus.com collector.github.com raw.githubusercontent.com api.github.com github-cloud.s3.amazonaws.com github-production-repository-file-5c1aeb.s3.amazonaws.com github-production-upload-manifest-file-7fdce7.s3.amazonaws.com github-production-user-asset-6210df.s3.amazonaws.com *.rel.tunnels.api.visualstudio.com wss://*.rel.tunnels.api.visualstudio.com objects-origin.githubusercontent.com copilot-proxy.githubusercontent.com proxy.individual.githubcopilot.com proxy.business.githubcopilot.com proxy.enterprise.githubcopilot.com *.actions.githubusercontent.com wss://*.actions.githubusercontent.com productionresultssa0.blob.core.windows.net/ productionresultssa1.blob.core.windows.net/ productionresultssa2.blob.core.windows.net/ productionresultssa3.blob.core.windows.net/ productionresultssa4.blob.core.windows.net/ productionresultssa5.blob.core.windows.net/ productionresultssa6.blob.core.windows.net/ productionresultssa7.blob.core.windows.net/ productionresultssa8.blob.core.windows.net/ productionresultssa9.blob.core.windows.net/ productionresultssa10.blob.core.windows.net/ productionresultssa11.blob.core.windows.net/ productionresultssa12.blob.core.windows.net/ productionresultssa13.blob.core.windows.net/ productionresultssa14.blob.core.windows.net/ productionresultssa15.blob.core.windows.net/ productionresultssa16.blob.core.windows.net/ productionresultssa17.blob.core.windows.net/ productionresultssa18.blob.core.windows.net/ productionresultssa19.blob.core.windows.net/ github-production-repository-image-32fea6.s3.amazonaws.com github-production-release-asset-2e65be.s3.amazonaws.com insights.github.com wss://alive.github.com api.githubcopilot.com api.individual.githubcopilot.com api.business.githubcopilot.com api.enterprise.githubcopilot.com; font-src github.githubassets.com; form-action 'self' github.com gist.github.com copilot-workspace.githubnext.com objects-origin.githubusercontent.com; frame-ancestors 'none'; frame-src viewscreen.githubusercontent.com notebooks.githubusercontent.com; img-src 'self' data: blob: github.githubassets.com media.githubusercontent.com camo.githubusercontent.com identicons.github.com avatars.githubusercontent.com private-avatars.githubusercontent.com github-cloud.s3.amazonaws.com objects.githubusercontent.com release-assets.githubusercontent.com secured-user-images.githubusercontent.com/ user-images.githubusercontent.com/ private-user-images.githubusercontent.com opengraph.githubassets.com copilotprodattachments.blob.core.windows.net/github-production-copilot-attachments/ github-production-user-asset-6210df.s3.amazonaws.com customer-stories-feed.github.com spotlights-feed.github.com objects-origin.githubusercontent.com *.githubusercontent.com; manifest-src 'self'; media-src github.com user-images.githubusercontent.com/ secured-user-images.githubusercontent.com/ private-user-images.githubusercontent.com github-production-user-asset-6210df.s3.amazonaws.com gist.github.com; script-src github.githubassets.com; style-src 'unsafe-inline' github.githubassets.com; upgrade-insecure-requests; worker-src github.githubassets.com github.com/assets-cdn/worker/ github.com/assets/ gist.github.com/assets-cdn/worker/
Server: github.com
Accept-Ranges: bytes
Set-Cookie: _gh_sess=fnLEZXu7AK0QCVj3sOnLOzEUXEBHW%2FYGt4y1nUnoa9qiHPrzx4c5aKZ%2F4TTuaas%2Bsangq5Z9hb%2FmnKIJ%2BPAdbjB6saTtAeA993qRfemnhk%2F9ENvlh0ic942K0asd%2BJXLlilKboWUu6EgI0O7qq49IdPmWEq5I1m%2BDLPb30teiFV6LOSSxJbiVLkJ1wU28qegGv7imLj1wys%2BkNJH4FRxrkjI89FfFCWAYPXTAB07k8IP3zIWfAe19%2B9B%2BzoJcpSi3pSWlsy%2B6jcjmvm8bRnx9Q%3D%3D--SYw3tT%2B74dw%2F0Fsh--84RnZMLwr%2FmvcyVS%2BTgkug%3D%3D; Path=/; HttpOnly; Secure; SameSite=Lax
Set-Cookie: _octo=GH1.1.1899767215.1751178407; Path=/; Domain=github.com; Expires=Mon, 29 Jun 2026 06:26:47 GMT; Secure; SameSite=Lax
Set-Cookie: logged_in=no; Path=/; Domain=github.com; Expires=Mon, 29 Jun 2026 06:26:47 GMT; HttpOnly; Secure; SameSite=Lax
X-GitHub-Request-Id: CC15:0AAA:11740F:171D07:6860DCA7
connection: close
Transfer-Encoding: chunked

]
[2025-06-29 11:56:48,003: ERROR: 3046160286: Expected ZIP file but got: text/html]
[2025-06-29 12:06:43,254: INFO: common: yaml file: config\config.yaml loaded successfuly]
[2025-06-29 12:06:43,256: INFO: common: yaml file: params.yaml loaded successfuly]
[2025-06-29 12:06:43,258: INFO: common: yaml file: params.yaml loaded successfuly]
[2025-06-29 12:06:43,260: INFO: common: created directory at: artifacts_root]
[2025-06-29 12:06:43,262: INFO: common: created directory at: artifacts/data_ingestion]
[2025-06-29 12:08:56,783: INFO: common: yaml file: config\config.yaml loaded successfuly]
[2025-06-29 12:08:56,785: INFO: common: yaml file: params.yaml loaded successfuly]
[2025-06-29 12:08:56,787: INFO: common: yaml file: params.yaml loaded successfuly]
[2025-06-29 12:08:56,789: INFO: common: created directory at: artifacts_root]
[2025-06-29 12:08:56,790: INFO: common: created directory at: artifacts/data_ingestion]
[2025-06-29 12:17:51,937: INFO: common: yaml file: config\config.yaml loaded successfuly]
[2025-06-29 12:17:51,939: INFO: common: yaml file: params.yaml loaded successfuly]
[2025-06-29 12:17:51,941: INFO: common: yaml file: params.yaml loaded successfuly]
[2025-06-29 12:17:51,943: INFO: common: created directory at: artifacts_root]
[2025-06-29 12:17:51,944: INFO: common: created directory at: artifacts/data_ingestion]
[2025-06-29 12:18:38,012: INFO: common: yaml file: config\config.yaml loaded successfuly]
[2025-06-29 12:18:38,014: INFO: common: yaml file: params.yaml loaded successfuly]
[2025-06-29 12:18:38,016: INFO: common: yaml file: params.yaml loaded successfuly]
[2025-06-29 12:18:38,018: INFO: common: created directory at: artifacts_root]
[2025-06-29 12:18:38,020: INFO: common: created directory at: artifacts/data_ingestion]
[2025-06-29 12:18:38,451: INFO: 2038912330: artifacts/data_ingestion/data.zip download! with following info: 
Connection: close
Content-Length: 23329
Cache-Control: max-age=300
Content-Security-Policy: default-src 'none'; style-src 'unsafe-inline'; sandbox
Content-Type: application/zip
ETag: "c69888a4ae59bc5a893392785a938ccd4937981c06ba8a9d6a21aa52b4ab5b6e"
Strict-Transport-Security: max-age=31536000
X-Content-Type-Options: nosniff
X-Frame-Options: deny
X-XSS-Protection: 1; mode=block
X-GitHub-Request-Id: 8BEB:08E8:7702C:152E04:6860E1C6
Accept-Ranges: bytes
Date: Sun, 29 Jun 2025 06:48:38 GMT
Via: 1.1 varnish
X-Served-By: cache-hyd1100024-HYD
X-Cache: MISS
X-Cache-Hits: 0
X-Timer: S1751179718.402385,VS0,VE250
Vary: Authorization,Accept-Encoding
Access-Control-Allow-Origin: *
Cross-Origin-Resource-Policy: cross-origin
X-Fastly-Request-ID: 4834814ce6930da01877a7b44e1d8954323c45b6
Expires: Sun, 29 Jun 2025 06:53:38 GMT
Source-Age: 0

]
[2025-06-29 12:19:27,734: INFO: main: >>>>>> stage Data Ingestion Stage started <<<<<<]
[2025-06-29 12:19:27,735: INFO: common: yaml file: config\config.yaml loaded successfuly]
[2025-06-29 12:19:27,736: INFO: common: yaml file: params.yaml loaded successfuly]
[2025-06-29 12:19:27,736: INFO: common: yaml file: params.yaml loaded successfuly]
[2025-06-29 12:19:27,737: INFO: common: created directory at: artifacts_root]
[2025-06-29 12:19:27,737: INFO: common: created directory at: artifacts/data_ingestion]
[2025-06-29 12:19:28,565: INFO: data_ingestion: artifacts/data_ingestion/data.zip download! with following info: 
Connection: close
Content-Length: 23329
Cache-Control: max-age=300
Content-Security-Policy: default-src 'none'; style-src 'unsafe-inline'; sandbox
Content-Type: application/zip
ETag: "c69888a4ae59bc5a893392785a938ccd4937981c06ba8a9d6a21aa52b4ab5b6e"
Strict-Transport-Security: max-age=31536000
X-Content-Type-Options: nosniff
X-Frame-Options: deny
X-XSS-Protection: 1; mode=block
X-GitHub-Request-Id: 8BEB:08E8:7702C:152E04:6860E1C6
Accept-Ranges: bytes
Date: Sun, 29 Jun 2025 06:49:28 GMT
Via: 1.1 varnish
X-Served-By: cache-hyd1100025-HYD
X-Cache: HIT
X-Cache-Hits: 1
X-Timer: S1751179768.338420,VS0,VE1
Vary: Authorization,Accept-Encoding
Access-Control-Allow-Origin: *
Cross-Origin-Resource-Policy: cross-origin
X-Fastly-Request-ID: 0f814b3d133af1874707bf097616ff78489fcd23
Expires: Sun, 29 Jun 2025 06:54:28 GMT
Source-Age: 50

]
[2025-06-29 12:19:28,569: INFO: main: >>>>>> stage Data Ingestion Stage completed <<<<<<

x==========x]
[2025-06-29 12:29:54,780: INFO: main: >>>>>> stage Data Ingestion Stage started <<<<<<]
[2025-06-29 12:29:54,783: INFO: common: yaml file: config\config.yaml loaded successfuly]
[2025-06-29 12:29:54,783: INFO: common: yaml file: params.yaml loaded successfuly]
[2025-06-29 12:29:54,784: INFO: common: yaml file: params.yaml loaded successfuly]
[2025-06-29 12:29:54,784: INFO: common: created directory at: artifacts_root]
[2025-06-29 12:29:54,785: INFO: common: created directory at: artifacts/data_ingestion]
[2025-06-29 12:29:55,439: INFO: data_ingestion: artifacts/data_ingestion/data.zip download! with following info: 
Connection: close
Content-Length: 23329
Cache-Control: max-age=300
Content-Security-Policy: default-src 'none'; style-src 'unsafe-inline'; sandbox
Content-Type: application/zip
ETag: "c69888a4ae59bc5a893392785a938ccd4937981c06ba8a9d6a21aa52b4ab5b6e"
Strict-Transport-Security: max-age=31536000
X-Content-Type-Options: nosniff
X-Frame-Options: deny
X-XSS-Protection: 1; mode=block
X-GitHub-Request-Id: 8BEB:08E8:7702C:152E04:6860E1C6
Accept-Ranges: bytes
Date: Sun, 29 Jun 2025 06:59:55 GMT
Via: 1.1 varnish
X-Served-By: cache-hyd1100034-HYD
X-Cache: HIT
X-Cache-Hits: 0
X-Timer: S1751180395.409476,VS0,VE237
Vary: Authorization,Accept-Encoding
Access-Control-Allow-Origin: *
Cross-Origin-Resource-Policy: cross-origin
X-Fastly-Request-ID: afa784935f9656d28fa4f4eec3e43086d8d83ced
Expires: Sun, 29 Jun 2025 07:04:55 GMT
Source-Age: 0

]
[2025-06-29 12:29:55,442: INFO: main: >>>>>> stage Data Ingestion Stage completed <<<<<<

x==========x]
[2025-06-29 12:40:17,952: INFO: main: >>>>>> stage Data Ingestion Stage started <<<<<<]
[2025-06-29 12:40:17,953: INFO: common: yaml file: config\config.yaml loaded successfuly]
[2025-06-29 12:40:17,954: INFO: common: yaml file: params.yaml loaded successfuly]
[2025-06-29 12:40:17,954: INFO: common: yaml file: params.yaml loaded successfuly]
[2025-06-29 12:40:17,954: INFO: common: created directory at: artifacts]
[2025-06-29 12:40:17,955: INFO: common: created directory at: artifacts/data_ingestion]
[2025-06-29 12:40:18,561: INFO: data_ingestion: artifacts/data_ingestion/data.zip download! with following info: 
Connection: close
Content-Length: 23329
Cache-Control: max-age=300
Content-Security-Policy: default-src 'none'; style-src 'unsafe-inline'; sandbox
Content-Type: application/zip
ETag: "c69888a4ae59bc5a893392785a938ccd4937981c06ba8a9d6a21aa52b4ab5b6e"
Strict-Transport-Security: max-age=31536000
X-Content-Type-Options: nosniff
X-Frame-Options: deny
X-XSS-Protection: 1; mode=block
X-GitHub-Request-Id: 8BEB:08E8:7702C:152E04:6860E1C6
Accept-Ranges: bytes
Date: Sun, 29 Jun 2025 07:10:18 GMT
Via: 1.1 varnish
X-Served-By: cache-hyd1100033-HYD
X-Cache: HIT
X-Cache-Hits: 0
X-Timer: S1751181019.557584,VS0,VE226
Vary: Authorization,Accept-Encoding
Access-Control-Allow-Origin: *
Cross-Origin-Resource-Policy: cross-origin
X-Fastly-Request-ID: 674c846c89a8fb3f34445937ceebfe2a99974150
Expires: Sun, 29 Jun 2025 07:15:18 GMT
Source-Age: 0

]
[2025-06-29 12:40:18,564: INFO: main: >>>>>> stage Data Ingestion Stage completed <<<<<<

x==========x]
[2025-06-29 13:15:41,501: INFO: common: yaml file: config\config.yaml loaded successfuly]
[2025-06-29 13:15:41,504: INFO: common: yaml file: params.yaml loaded successfuly]
[2025-06-29 13:15:41,505: INFO: common: yaml file: params.yaml loaded successfuly]
[2025-06-29 13:15:41,506: INFO: common: created directory at: artifacts]
[2025-06-29 14:12:49,178: INFO: common: yaml file: config\config.yaml loaded successfuly]
[2025-06-29 14:12:49,184: INFO: common: yaml file: params.yaml loaded successfuly]
[2025-06-29 14:12:49,188: INFO: common: yaml file: params.yaml loaded successfuly]
[2025-06-29 14:12:49,192: INFO: common: created directory at: artifacts]
[2025-06-29 14:15:49,545: INFO: common: yaml file: config\config.yaml loaded successfuly]
[2025-06-29 14:15:49,551: INFO: common: yaml file: params.yaml loaded successfuly]
[2025-06-29 14:15:49,556: INFO: common: yaml file: params.yaml loaded successfuly]
[2025-06-29 14:15:49,560: INFO: common: created directory at: artifacts]
[2025-06-29 14:16:31,021: INFO: common: yaml file: config\config.yaml loaded successfuly]
[2025-06-29 14:16:31,026: INFO: common: yaml file: params.yaml loaded successfuly]
[2025-06-29 14:16:31,032: INFO: common: yaml file: schema.yaml loaded successfuly]
[2025-06-29 14:16:31,036: INFO: common: created directory at: artifacts]
[2025-06-29 14:16:46,714: INFO: common: yaml file: config\config.yaml loaded successfuly]
[2025-06-29 14:16:46,717: INFO: common: yaml file: params.yaml loaded successfuly]
[2025-06-29 14:16:46,722: INFO: common: yaml file: schema.yaml loaded successfuly]
[2025-06-29 14:16:46,724: INFO: common: created directory at: artifacts]
[2025-06-29 14:16:46,726: INFO: common: created directory at: artifacts/data_validation]
[2025-06-29 14:17:09,631: INFO: common: yaml file: config\config.yaml loaded successfuly]
[2025-06-29 14:17:09,635: INFO: common: yaml file: params.yaml loaded successfuly]
[2025-06-29 14:17:09,639: INFO: common: yaml file: schema.yaml loaded successfuly]
[2025-06-29 14:17:09,641: INFO: common: created directory at: artifacts]
[2025-06-29 14:17:09,642: INFO: common: created directory at: artifacts/data_validation]
[2025-06-29 14:19:13,825: INFO: common: yaml file: config\config.yaml loaded successfuly]
[2025-06-29 14:19:13,830: INFO: common: yaml file: params.yaml loaded successfuly]
[2025-06-29 14:19:13,838: INFO: common: yaml file: schema.yaml loaded successfuly]
[2025-06-29 14:19:13,840: INFO: common: created directory at: artifacts]
[2025-06-29 14:19:13,843: INFO: common: created directory at: artifacts/data_validation]
[2025-06-29 14:58:34,664: INFO: main: >>>>>> stage Data Ingestion started <<<<<<]
[2025-06-29 14:58:34,667: INFO: common: yaml file: config\config.yaml loaded successfuly]
[2025-06-29 14:58:34,668: INFO: common: yaml file: params.yaml loaded successfuly]
[2025-06-29 14:58:34,669: INFO: common: yaml file: params.yaml loaded successfuly]
[2025-06-29 14:58:34,669: INFO: common: created directory at: artifacts]
[2025-06-29 14:58:34,670: INFO: common: created directory at: artifacts/data_ingestion]
[2025-06-29 14:58:35,531: INFO: data_ingestion: artifacts/data_ingestion/data.zip download! with following info: 
Connection: close
Content-Length: 23329
Cache-Control: max-age=300
Content-Security-Policy: default-src 'none'; style-src 'unsafe-inline'; sandbox
Content-Type: application/zip
ETag: "c69888a4ae59bc5a893392785a938ccd4937981c06ba8a9d6a21aa52b4ab5b6e"
Strict-Transport-Security: max-age=31536000
X-Content-Type-Options: nosniff
X-Frame-Options: deny
X-XSS-Protection: 1; mode=block
X-GitHub-Request-Id: 5739:2827B:15EB44:43485C:68610743
Accept-Ranges: bytes
Date: Sun, 29 Jun 2025 09:28:35 GMT
Via: 1.1 varnish
X-Served-By: cache-hyd1100032-HYD
X-Cache: MISS
X-Cache-Hits: 0
X-Timer: S1751189316.593033,VS0,VE268
Vary: Authorization,Accept-Encoding
Access-Control-Allow-Origin: *
Cross-Origin-Resource-Policy: cross-origin
X-Fastly-Request-ID: 47a719afcd3f4396698956f3c8cf6743d23f6879
Expires: Sun, 29 Jun 2025 09:33:35 GMT
Source-Age: 0

]
[2025-06-29 14:58:35,537: INFO: main: >>>>>> stage Data Ingestion completed <<<<<<

x==========x]
[2025-06-29 14:58:35,537: INFO: main: >>>>>> stage Data Validation started <<<<<<]
[2025-06-29 14:58:35,540: INFO: common: yaml file: config\config.yaml loaded successfuly]
[2025-06-29 14:58:35,541: INFO: common: yaml file: params.yaml loaded successfuly]
[2025-06-29 14:58:35,542: INFO: common: yaml file: params.yaml loaded successfuly]
[2025-06-29 14:58:35,542: INFO: common: created directory at: artifacts]
[2025-06-29 14:58:35,543: ERROR: main: "'Box' object has no attribute 'COLUMNS'"]
Traceback (most recent call last):
  File "box\\box.py", line 594, in box.box.Box.__getitem__
KeyError: 'COLUMNS'

The above exception was the direct cause of the following exception:

Traceback (most recent call last):
  File "box\\box.py", line 633, in box.box.Box.__getattr__
  File "box\\box.py", line 621, in box.box.Box.__getitem__
box.exceptions.BoxKeyError: "'COLUMNS'"

During handling of the above exception, another exception occurred:

Traceback (most recent call last):
  File "box\\box.py", line 635, in box.box.Box.__getattr__
AttributeError: 'Box' object has no attribute 'COLUMNS'

The above exception was the direct cause of the following exception:

Traceback (most recent call last):
  File "D:\Programming\MLOps\Practice\Wine_Quality_Prediction\main.py", line 19, in <module>
    obj.main()
    ~~~~~~~~^^
  File "d:\programming\mlops\practice\wine_quality_prediction\src\mlProject\pipeline\stage_02_data_validation.py", line 13, in main
    data_validation_config = config.get_data_validation_config()
  File "d:\programming\mlops\practice\wine_quality_prediction\src\mlProject\config\configuration.py", line 33, in get_data_validation_config
    schema = self.schema.COLUMNS
             ^^^^^^^^^^^^^^^^^^^
  File "box\\box.py", line 649, in box.box.Box.__getattr__
box.exceptions.BoxKeyError: "'Box' object has no attribute 'COLUMNS'"
[2025-06-29 14:59:09,413: INFO: common: yaml file: config\config.yaml loaded successfuly]
[2025-06-29 14:59:09,419: INFO: common: yaml file: params.yaml loaded successfuly]
[2025-06-29 14:59:09,423: INFO: common: yaml file: schema.yaml loaded successfuly]
[2025-06-29 14:59:09,425: INFO: common: created directory at: artifacts]
[2025-06-29 14:59:09,428: INFO: common: created directory at: artifacts/data_validation]
[2025-06-29 14:59:22,096: INFO: common: yaml file: config\config.yaml loaded successfuly]
[2025-06-29 14:59:22,101: INFO: common: yaml file: params.yaml loaded successfuly]
[2025-06-29 14:59:22,106: INFO: common: yaml file: schema.yaml loaded successfuly]
[2025-06-29 14:59:22,109: INFO: common: created directory at: artifacts]
[2025-06-29 14:59:22,111: INFO: common: created directory at: artifacts/data_validation]
[2025-06-29 15:01:29,417: INFO: main: >>>>>> stage Data Ingestion started <<<<<<]
[2025-06-29 15:01:29,421: INFO: common: yaml file: config\config.yaml loaded successfuly]
[2025-06-29 15:01:29,423: INFO: common: yaml file: params.yaml loaded successfuly]
[2025-06-29 15:01:29,427: INFO: common: yaml file: schema.yaml loaded successfuly]
[2025-06-29 15:01:29,429: INFO: common: created directory at: artifacts]
[2025-06-29 15:01:29,430: INFO: common: created directory at: artifacts/data_ingestion]
[2025-06-29 15:01:30,119: INFO: data_ingestion: artifacts/data_ingestion/data.zip download! with following info: 
Connection: close
Content-Length: 23329
Cache-Control: max-age=300
Content-Security-Policy: default-src 'none'; style-src 'unsafe-inline'; sandbox
Content-Type: application/zip
ETag: "c69888a4ae59bc5a893392785a938ccd4937981c06ba8a9d6a21aa52b4ab5b6e"
Strict-Transport-Security: max-age=31536000
X-Content-Type-Options: nosniff
X-Frame-Options: deny
X-XSS-Protection: 1; mode=block
X-GitHub-Request-Id: 5739:2827B:15EB44:43485C:68610743
Accept-Ranges: bytes
Date: Sun, 29 Jun 2025 09:31:30 GMT
Via: 1.1 varnish
X-Served-By: cache-hyd1100022-HYD
X-Cache: HIT
X-Cache-Hits: 0
X-Timer: S1751189490.451084,VS0,VE1
Vary: Authorization,Accept-Encoding
Access-Control-Allow-Origin: *
Cross-Origin-Resource-Policy: cross-origin
X-Fastly-Request-ID: b67ebd6086a0fc1db1b667412d860b795ed89a11
Expires: Sun, 29 Jun 2025 09:36:30 GMT
Source-Age: 175

]
[2025-06-29 15:01:30,126: INFO: main: >>>>>> stage Data Ingestion completed <<<<<<

x==========x]
[2025-06-29 15:01:30,126: INFO: main: >>>>>> stage Data Validation started <<<<<<]
[2025-06-29 15:01:30,129: INFO: common: yaml file: config\config.yaml loaded successfuly]
[2025-06-29 15:01:30,130: INFO: common: yaml file: params.yaml loaded successfuly]
[2025-06-29 15:01:30,134: INFO: common: yaml file: schema.yaml loaded successfuly]
[2025-06-29 15:01:30,135: INFO: common: created directory at: artifacts]
[2025-06-29 15:01:30,136: INFO: common: created directory at: artifacts/data_validation]
[2025-06-29 15:01:30,154: INFO: main: >>>>>> stage Data Validation completed <<<<<<

x==========x]
[2025-06-29 15:36:41,647: INFO: common: yaml file: config\config.yaml loaded successfuly]
[2025-06-29 15:36:41,652: INFO: common: yaml file: params.yaml loaded successfuly]
[2025-06-29 15:36:41,658: INFO: common: yaml file: schema.yaml loaded successfuly]
[2025-06-29 15:36:41,663: INFO: common: created directory at: artifacts]
[2025-06-29 15:38:36,008: INFO: common: yaml file: config\config.yaml loaded successfuly]
[2025-06-29 15:38:36,010: INFO: common: yaml file: params.yaml loaded successfuly]
[2025-06-29 15:38:36,013: INFO: common: yaml file: schema.yaml loaded successfuly]
[2025-06-29 15:38:36,015: INFO: common: created directory at: artifacts]
[2025-06-29 15:39:20,622: INFO: common: yaml file: config\config.yaml loaded successfuly]
[2025-06-29 15:39:20,625: INFO: common: yaml file: params.yaml loaded successfuly]
[2025-06-29 15:39:20,629: INFO: common: yaml file: schema.yaml loaded successfuly]
[2025-06-29 15:39:20,632: INFO: common: created directory at: artifacts]
[2025-06-29 15:39:20,634: INFO: common: created directory at: artifacts/data_transformation]
[2025-06-29 15:39:20,668: INFO: 1941222071: Splitted into trainig and testing sets]
[2025-06-29 15:39:20,673: INFO: 1941222071: (1199, 12)]
[2025-06-29 15:39:20,675: INFO: 1941222071: (400, 12)]
[2025-06-29 15:40:04,850: INFO: common: yaml file: config\config.yaml loaded successfuly]
[2025-06-29 15:40:04,852: INFO: common: yaml file: params.yaml loaded successfuly]
[2025-06-29 15:40:04,855: INFO: common: yaml file: schema.yaml loaded successfuly]
[2025-06-29 15:40:04,857: INFO: common: created directory at: artifacts]
[2025-06-29 15:40:04,858: INFO: common: created directory at: artifacts/data_transformation]
[2025-06-29 15:40:04,876: INFO: 3659817496: Splitted into trainig and testing sets]
[2025-06-29 15:40:04,877: INFO: 3659817496: training data shape: (1199, 12)]
[2025-06-29 15:40:04,878: INFO: 3659817496: testing data shape: (400, 12)]
[2025-06-29 15:50:01,417: INFO: main: >>>>>> stage Data Ingestion started <<<<<<]
[2025-06-29 15:50:01,419: INFO: common: yaml file: config\config.yaml loaded successfuly]
[2025-06-29 15:50:01,419: INFO: common: yaml file: params.yaml loaded successfuly]
[2025-06-29 15:50:01,421: INFO: common: yaml file: schema.yaml loaded successfuly]
[2025-06-29 15:50:01,421: INFO: common: created directory at: artifacts]
[2025-06-29 15:50:01,421: INFO: common: created directory at: artifacts/data_ingestion]
[2025-06-29 15:50:02,087: INFO: data_ingestion: artifacts/data_ingestion/data.zip download! with following info: 
Connection: close
Content-Length: 23329
Cache-Control: max-age=300
Content-Security-Policy: default-src 'none'; style-src 'unsafe-inline'; sandbox
Content-Type: application/zip
ETag: "c69888a4ae59bc5a893392785a938ccd4937981c06ba8a9d6a21aa52b4ab5b6e"
Strict-Transport-Security: max-age=31536000
X-Content-Type-Options: nosniff
X-Frame-Options: deny
X-XSS-Protection: 1; mode=block
X-GitHub-Request-Id: 5739:2827B:15EB44:43485C:68610743
Accept-Ranges: bytes
Date: Sun, 29 Jun 2025 10:20:02 GMT
Via: 1.1 varnish
X-Served-By: cache-hyd1100020-HYD
X-Cache: HIT
X-Cache-Hits: 1
X-Timer: S1751192402.165773,VS0,VE262
Vary: Authorization,Accept-Encoding
Access-Control-Allow-Origin: *
Cross-Origin-Resource-Policy: cross-origin
X-Fastly-Request-ID: cffe289bb514993991d47234811b5af39e06763b
Expires: Sun, 29 Jun 2025 10:25:02 GMT
Source-Age: 0

]
[2025-06-29 15:50:02,090: INFO: main: >>>>>> stage Data Ingestion completed <<<<<<

x==========x]
[2025-06-29 15:50:02,091: INFO: main: >>>>>> stage Data Validation started <<<<<<]
[2025-06-29 15:50:02,093: INFO: common: yaml file: config\config.yaml loaded successfuly]
[2025-06-29 15:50:02,094: INFO: common: yaml file: params.yaml loaded successfuly]
[2025-06-29 15:50:02,095: INFO: common: yaml file: schema.yaml loaded successfuly]
[2025-06-29 15:50:02,096: INFO: common: created directory at: artifacts]
[2025-06-29 15:50:02,096: INFO: common: created directory at: artifacts/data_validation]
[2025-06-29 15:50:02,107: INFO: main: >>>>>> stage Data Validation completed <<<<<<

x==========x]
[2025-06-29 15:50:02,107: INFO: main: >>>>>> stage Data Transformation started <<<<<<]
[2025-06-29 15:50:02,107: ERROR: main: name 'DataTransformationPipeline' is not defined]
Traceback (most recent call last):
  File "D:\Programming\MLOps\Practice\Wine_Quality_Prediction\main.py", line 32, in <module>
    obj = DataTransformationPipeline()
          ^^^^^^^^^^^^^^^^^^^^^^^^^^
NameError: name 'DataTransformationPipeline' is not defined. Did you mean: 'DataValidationPipeline'?
[2025-06-29 15:50:54,419: INFO: main: >>>>>> stage Data Ingestion started <<<<<<]
[2025-06-29 15:50:54,420: INFO: common: yaml file: config\config.yaml loaded successfuly]
[2025-06-29 15:50:54,421: INFO: common: yaml file: params.yaml loaded successfuly]
[2025-06-29 15:50:54,422: INFO: common: yaml file: schema.yaml loaded successfuly]
[2025-06-29 15:50:54,423: INFO: common: created directory at: artifacts]
[2025-06-29 15:50:54,423: INFO: common: created directory at: artifacts/data_ingestion]
[2025-06-29 15:50:54,424: INFO: data_ingestion: File already exists of size: ~ 23 KB]
[2025-06-29 15:50:54,426: INFO: main: >>>>>> stage Data Ingestion completed <<<<<<

x==========x]
[2025-06-29 15:50:54,427: INFO: main: >>>>>> stage Data Validation started <<<<<<]
[2025-06-29 15:50:54,428: INFO: common: yaml file: config\config.yaml loaded successfuly]
[2025-06-29 15:50:54,428: INFO: common: yaml file: params.yaml loaded successfuly]
[2025-06-29 15:50:54,430: INFO: common: yaml file: schema.yaml loaded successfuly]
[2025-06-29 15:50:54,430: INFO: common: created directory at: artifacts]
[2025-06-29 15:50:54,431: INFO: common: created directory at: artifacts/data_validation]
[2025-06-29 15:50:54,439: INFO: main: >>>>>> stage Data Validation completed <<<<<<

x==========x]
[2025-06-29 15:50:54,439: INFO: main: >>>>>> stage Data Transformation started <<<<<<]
[2025-06-29 15:50:54,442: INFO: common: yaml file: config\config.yaml loaded successfuly]
[2025-06-29 15:50:54,445: INFO: common: yaml file: params.yaml loaded successfuly]
[2025-06-29 15:50:54,446: INFO: common: yaml file: schema.yaml loaded successfuly]
[2025-06-29 15:50:54,447: INFO: common: created directory at: artifacts]
[2025-06-29 15:50:54,448: INFO: common: created directory at: artifacts/data_transformation]
[2025-06-29 15:50:54,464: INFO: data_transformation: Splitted into trainig and testing sets]
[2025-06-29 15:50:54,465: INFO: data_transformation: training data shape: (1199, 12)]
[2025-06-29 15:50:54,465: INFO: data_transformation: testing data shape: (400, 12)]
[2025-06-29 15:50:54,465: INFO: main: >>>>>> stage Data Transformation completed <<<<<<

x==========x]
[2025-06-29 15:51:11,997: INFO: main: >>>>>> stage Data Ingestion started <<<<<<]
[2025-06-29 15:51:11,998: INFO: common: yaml file: config\config.yaml loaded successfuly]
[2025-06-29 15:51:11,999: INFO: common: yaml file: params.yaml loaded successfuly]
[2025-06-29 15:51:12,000: INFO: common: yaml file: schema.yaml loaded successfuly]
[2025-06-29 15:51:12,000: INFO: common: created directory at: artifacts]
[2025-06-29 15:51:12,001: INFO: common: created directory at: artifacts/data_ingestion]
[2025-06-29 15:51:12,648: INFO: data_ingestion: artifacts/data_ingestion/data.zip download! with following info: 
Connection: close
Content-Length: 23329
Cache-Control: max-age=300
Content-Security-Policy: default-src 'none'; style-src 'unsafe-inline'; sandbox
Content-Type: application/zip
ETag: "c69888a4ae59bc5a893392785a938ccd4937981c06ba8a9d6a21aa52b4ab5b6e"
Strict-Transport-Security: max-age=31536000
X-Content-Type-Options: nosniff
X-Frame-Options: deny
X-XSS-Protection: 1; mode=block
X-GitHub-Request-Id: 5739:2827B:15EB44:43485C:68610743
Accept-Ranges: bytes
Date: Sun, 29 Jun 2025 10:21:13 GMT
Via: 1.1 varnish
X-Served-By: cache-hyd1100021-HYD
X-Cache: HIT
X-Cache-Hits: 0
X-Timer: S1751192473.023958,VS0,VE1
Vary: Authorization,Accept-Encoding
Access-Control-Allow-Origin: *
Cross-Origin-Resource-Policy: cross-origin
X-Fastly-Request-ID: 536ab737ad8bc2b7d0ce6218dc1f3a55f862d033
Expires: Sun, 29 Jun 2025 10:26:13 GMT
Source-Age: 71

]
[2025-06-29 15:51:12,650: INFO: main: >>>>>> stage Data Ingestion completed <<<<<<

x==========x]
[2025-06-29 15:51:12,651: INFO: main: >>>>>> stage Data Validation started <<<<<<]
[2025-06-29 15:51:12,652: INFO: common: yaml file: config\config.yaml loaded successfuly]
[2025-06-29 15:51:12,653: INFO: common: yaml file: params.yaml loaded successfuly]
[2025-06-29 15:51:12,655: INFO: common: yaml file: schema.yaml loaded successfuly]
[2025-06-29 15:51:12,656: INFO: common: created directory at: artifacts]
[2025-06-29 15:51:12,656: INFO: common: created directory at: artifacts/data_validation]
[2025-06-29 15:51:12,664: INFO: main: >>>>>> stage Data Validation completed <<<<<<

x==========x]
[2025-06-29 15:51:12,665: INFO: main: >>>>>> stage Data Transformation started <<<<<<]
[2025-06-29 15:51:12,666: INFO: common: yaml file: config\config.yaml loaded successfuly]
[2025-06-29 15:51:12,667: INFO: common: yaml file: params.yaml loaded successfuly]
[2025-06-29 15:51:12,668: INFO: common: yaml file: schema.yaml loaded successfuly]
[2025-06-29 15:51:12,669: INFO: common: created directory at: artifacts]
[2025-06-29 15:51:12,669: INFO: common: created directory at: artifacts/data_transformation]
[2025-06-29 15:51:12,686: INFO: data_transformation: Splitted into trainig and testing sets]
[2025-06-29 15:51:12,686: INFO: data_transformation: training data shape: (1199, 12)]
[2025-06-29 15:51:12,687: INFO: data_transformation: testing data shape: (400, 12)]
[2025-06-29 15:51:12,688: INFO: main: >>>>>> stage Data Transformation completed <<<<<<

x==========x]
[2025-06-29 16:10:55,931: INFO: main: >>>>>> stage Data Ingestion started <<<<<<]
[2025-06-29 16:10:55,933: INFO: common: yaml file: config\config.yaml loaded successfuly]
[2025-06-29 16:10:55,934: INFO: common: yaml file: params.yaml loaded successfuly]
[2025-06-29 16:10:55,936: INFO: common: yaml file: schema.yaml loaded successfuly]
[2025-06-29 16:10:55,936: INFO: common: created directory at: artifacts]
[2025-06-29 16:10:55,937: INFO: common: created directory at: artifacts/data_ingestion]
[2025-06-29 16:10:56,595: INFO: data_ingestion: artifacts/data_ingestion/data.zip download! with following info: 
Connection: close
Content-Length: 23329
Cache-Control: max-age=300
Content-Security-Policy: default-src 'none'; style-src 'unsafe-inline'; sandbox
Content-Type: application/zip
ETag: "c69888a4ae59bc5a893392785a938ccd4937981c06ba8a9d6a21aa52b4ab5b6e"
Strict-Transport-Security: max-age=31536000
X-Content-Type-Options: nosniff
X-Frame-Options: deny
X-XSS-Protection: 1; mode=block
X-GitHub-Request-Id: 5739:2827B:15EB44:43485C:68610743
Accept-Ranges: bytes
Date: Sun, 29 Jun 2025 10:40:56 GMT
Via: 1.1 varnish
X-Served-By: cache-hyd1100025-HYD
X-Cache: HIT
X-Cache-Hits: 0
X-Timer: S1751193657.679324,VS0,VE296
Vary: Authorization,Accept-Encoding
Access-Control-Allow-Origin: *
Cross-Origin-Resource-Policy: cross-origin
X-Fastly-Request-ID: eb10c954ddad989b94ac6969db5ebb4c8708b488
Expires: Sun, 29 Jun 2025 10:45:56 GMT
Source-Age: 0

]
[2025-06-29 16:10:56,598: INFO: main: >>>>>> stage Data Ingestion completed <<<<<<

x==========x]
[2025-06-29 16:10:56,599: INFO: main: >>>>>> stage Data Validation started <<<<<<]
[2025-06-29 16:10:56,601: INFO: common: yaml file: config\config.yaml loaded successfuly]
[2025-06-29 16:10:56,603: INFO: common: yaml file: params.yaml loaded successfuly]
[2025-06-29 16:10:56,604: INFO: common: yaml file: schema.yaml loaded successfuly]
[2025-06-29 16:10:56,605: INFO: common: created directory at: artifacts]
[2025-06-29 16:10:56,606: INFO: common: created directory at: artifacts/data_validation]
[2025-06-29 16:10:56,612: INFO: main: >>>>>> stage Data Validation completed <<<<<<

x==========x]
[2025-06-29 16:10:56,613: INFO: main: >>>>>> stage Data Transformation started <<<<<<]
[2025-06-29 16:10:56,613: INFO: main: >>>>>> stage Data Transformation completed <<<<<<

x==========x]
[2025-06-29 17:07:32,444: INFO: main: >>>>>> stage Data Ingestion started <<<<<<]
[2025-06-29 17:07:32,447: INFO: common: yaml file: config\config.yaml loaded successfuly]
[2025-06-29 17:07:32,448: INFO: common: yaml file: params.yaml loaded successfuly]
[2025-06-29 17:07:32,449: INFO: common: yaml file: schema.yaml loaded successfuly]
[2025-06-29 17:07:32,451: INFO: common: created directory at: artifacts]
[2025-06-29 17:07:32,452: INFO: common: created directory at: artifacts/data_ingestion]
[2025-06-29 17:07:32,453: INFO: data_ingestion: File already exists of size: ~ 23 KB]
[2025-06-29 17:07:32,457: INFO: main: >>>>>> stage Data Ingestion completed <<<<<<

x==========x]
[2025-06-29 17:07:32,458: INFO: main: >>>>>> stage Data Validation started <<<<<<]
[2025-06-29 17:07:32,462: INFO: common: yaml file: config\config.yaml loaded successfuly]
[2025-06-29 17:07:32,464: INFO: common: yaml file: params.yaml loaded successfuly]
[2025-06-29 17:07:32,467: INFO: common: yaml file: schema.yaml loaded successfuly]
[2025-06-29 17:07:32,469: INFO: common: created directory at: artifacts]
[2025-06-29 17:07:32,469: INFO: common: created directory at: artifacts/data_validation]
[2025-06-29 17:07:32,482: INFO: main: >>>>>> stage Data Validation completed <<<<<<

x==========x]
[2025-06-29 17:07:32,482: INFO: main: >>>>>> stage Data Transformation started <<<<<<]
[2025-06-29 17:07:32,483: INFO: main: >>>>>> stage Data Transformation completed <<<<<<

x==========x]
[2025-06-29 17:09:26,546: INFO: main: >>>>>> stage Data Ingestion started <<<<<<]
[2025-06-29 17:09:26,548: INFO: common: yaml file: config\config.yaml loaded successfuly]
[2025-06-29 17:09:26,548: INFO: common: yaml file: params.yaml loaded successfuly]
[2025-06-29 17:09:26,550: INFO: common: yaml file: schema.yaml loaded successfuly]
[2025-06-29 17:09:26,550: INFO: common: created directory at: artifacts]
[2025-06-29 17:09:26,551: INFO: common: created directory at: artifacts/data_ingestion]
[2025-06-29 17:09:27,248: INFO: data_ingestion: artifacts/data_ingestion/data.zip download! with following info: 
Connection: close
Content-Length: 23329
Cache-Control: max-age=300
Content-Security-Policy: default-src 'none'; style-src 'unsafe-inline'; sandbox
Content-Type: application/zip
ETag: "c69888a4ae59bc5a893392785a938ccd4937981c06ba8a9d6a21aa52b4ab5b6e"
Strict-Transport-Security: max-age=31536000
X-Content-Type-Options: nosniff
X-Frame-Options: deny
X-XSS-Protection: 1; mode=block
X-GitHub-Request-Id: 5739:2827B:15EB44:43485C:68610743
Accept-Ranges: bytes
Date: Sun, 29 Jun 2025 11:39:27 GMT
Via: 1.1 varnish
X-Served-By: cache-hyd1100020-HYD
X-Cache: HIT
X-Cache-Hits: 2
X-Timer: S1751197167.371885,VS0,VE263
Vary: Authorization,Accept-Encoding
Access-Control-Allow-Origin: *
Cross-Origin-Resource-Policy: cross-origin
X-Fastly-Request-ID: a185671f485676682e1b38579bfc1055283b2ec9
Expires: Sun, 29 Jun 2025 11:44:27 GMT
Source-Age: 0

]
[2025-06-29 17:09:27,251: INFO: main: >>>>>> stage Data Ingestion completed <<<<<<

x==========x]
[2025-06-29 17:09:27,252: INFO: main: >>>>>> stage Data Validation started <<<<<<]
[2025-06-29 17:09:27,253: INFO: common: yaml file: config\config.yaml loaded successfuly]
[2025-06-29 17:09:27,254: INFO: common: yaml file: params.yaml loaded successfuly]
[2025-06-29 17:09:27,255: INFO: common: yaml file: schema.yaml loaded successfuly]
[2025-06-29 17:09:27,256: INFO: common: created directory at: artifacts]
[2025-06-29 17:09:27,256: INFO: common: created directory at: artifacts/data_validation]
[2025-06-29 17:09:27,265: INFO: main: >>>>>> stage Data Validation completed <<<<<<

x==========x]
[2025-06-29 17:09:27,266: INFO: main: >>>>>> stage Data Transformation started <<<<<<]
[2025-06-29 17:09:27,266: INFO: main: >>>>>> stage Data Transformation completed <<<<<<

x==========x]
[2025-06-29 17:10:19,821: INFO: main: >>>>>> stage Data Ingestion started <<<<<<]
[2025-06-29 17:10:19,823: INFO: common: yaml file: config\config.yaml loaded successfuly]
[2025-06-29 17:10:19,824: INFO: common: yaml file: params.yaml loaded successfuly]
[2025-06-29 17:10:19,826: INFO: common: yaml file: schema.yaml loaded successfuly]
[2025-06-29 17:10:19,827: INFO: common: created directory at: artifacts]
[2025-06-29 17:10:19,827: INFO: common: created directory at: artifacts/data_ingestion]
[2025-06-29 17:10:19,828: INFO: data_ingestion: File already exists of size: ~ 23 KB]
[2025-06-29 17:10:19,831: INFO: main: >>>>>> stage Data Ingestion completed <<<<<<

x==========x]
[2025-06-29 17:10:19,831: INFO: main: >>>>>> stage Data Validation started <<<<<<]
[2025-06-29 17:10:19,833: INFO: common: yaml file: config\config.yaml loaded successfuly]
[2025-06-29 17:10:19,834: INFO: common: yaml file: params.yaml loaded successfuly]
[2025-06-29 17:10:19,836: INFO: common: yaml file: schema.yaml loaded successfuly]
[2025-06-29 17:10:19,836: INFO: common: created directory at: artifacts]
[2025-06-29 17:10:19,837: INFO: common: created directory at: artifacts/data_validation]
[2025-06-29 17:10:19,844: INFO: main: >>>>>> stage Data Validation completed <<<<<<

x==========x]
[2025-06-29 17:10:19,845: INFO: main: >>>>>> stage Data Transformation started <<<<<<]
[2025-06-29 17:10:19,847: INFO: common: yaml file: config\config.yaml loaded successfuly]
[2025-06-29 17:10:19,848: INFO: common: yaml file: params.yaml loaded successfuly]
[2025-06-29 17:10:19,849: INFO: common: yaml file: schema.yaml loaded successfuly]
[2025-06-29 17:10:19,850: INFO: common: created directory at: artifacts]
[2025-06-29 17:10:19,850: INFO: common: created directory at: artifacts/data_transformation]
[2025-06-29 17:10:19,866: INFO: data_transformation: Splitted into trainig and testing sets]
[2025-06-29 17:10:19,866: INFO: data_transformation: training data shape: (1199, 12)]
[2025-06-29 17:10:19,866: INFO: data_transformation: testing data shape: (400, 12)]
[2025-06-29 17:10:19,867: INFO: main: >>>>>> stage Data Transformation completed <<<<<<

x==========x]
[2025-06-29 17:23:26,679: INFO: main: >>>>>> stage Data Ingestion started <<<<<<]
[2025-06-29 17:23:26,682: INFO: common: yaml file: config\config.yaml loaded successfuly]
[2025-06-29 17:23:26,685: INFO: common: yaml file: params.yaml loaded successfuly]
[2025-06-29 17:23:26,686: INFO: common: yaml file: schema.yaml loaded successfuly]
[2025-06-29 17:23:26,687: INFO: common: created directory at: artifacts]
[2025-06-29 17:23:26,688: INFO: common: created directory at: artifacts/data_ingestion]
[2025-06-29 17:23:27,289: INFO: data_ingestion: artifacts/data_ingestion/data.zip download! with following info: 
Connection: close
Content-Length: 23329
Cache-Control: max-age=300
Content-Security-Policy: default-src 'none'; style-src 'unsafe-inline'; sandbox
Content-Type: application/zip
ETag: "c69888a4ae59bc5a893392785a938ccd4937981c06ba8a9d6a21aa52b4ab5b6e"
Strict-Transport-Security: max-age=31536000
X-Content-Type-Options: nosniff
X-Frame-Options: deny
X-XSS-Protection: 1; mode=block
X-GitHub-Request-Id: 5739:2827B:15EB44:43485C:68610743
Accept-Ranges: bytes
Date: Sun, 29 Jun 2025 11:53:27 GMT
Via: 1.1 varnish
X-Served-By: cache-hyd1100020-HYD
X-Cache: HIT
X-Cache-Hits: 2
X-Timer: S1751198008.506126,VS0,VE240
Vary: Authorization,Accept-Encoding
Access-Control-Allow-Origin: *
Cross-Origin-Resource-Policy: cross-origin
X-Fastly-Request-ID: 60f619cf8582784125af82480db7357af6286aa9
Expires: Sun, 29 Jun 2025 11:58:27 GMT
Source-Age: 0

]
[2025-06-29 17:23:27,291: INFO: main: >>>>>> stage Data Ingestion completed <<<<<<

x==========x]
[2025-06-29 17:23:27,292: INFO: main: >>>>>> stage Data Validation started <<<<<<]
[2025-06-29 17:23:27,293: INFO: common: yaml file: config\config.yaml loaded successfuly]
[2025-06-29 17:23:27,294: INFO: common: yaml file: params.yaml loaded successfuly]
[2025-06-29 17:23:27,296: INFO: common: yaml file: schema.yaml loaded successfuly]
[2025-06-29 17:23:27,296: INFO: common: created directory at: artifacts]
[2025-06-29 17:23:27,297: INFO: common: created directory at: artifacts/data_validation]
[2025-06-29 17:23:27,305: INFO: main: >>>>>> stage Data Validation completed <<<<<<

x==========x]
[2025-06-29 17:23:27,305: INFO: main: >>>>>> stage Data Transformation started <<<<<<]
[2025-06-29 17:23:27,305: ERROR: main: name 'DataTransformationPipeline' is not defined]
Traceback (most recent call last):
  File "D:\Programming\MLOps\Practice\Wine_Quality_Prediction\main.py", line 33, in <module>
    obj = DataTransformationPipeline()
          ^^^^^^^^^^^^^^^^^^^^^^^^^^
NameError: name 'DataTransformationPipeline' is not defined. Did you mean: 'DataValidationPipeline'?
[2025-06-29 17:24:11,075: INFO: main: >>>>>> stage Data Ingestion started <<<<<<]
[2025-06-29 17:24:11,077: INFO: common: yaml file: config\config.yaml loaded successfuly]
[2025-06-29 17:24:11,078: INFO: common: yaml file: params.yaml loaded successfuly]
[2025-06-29 17:24:11,080: INFO: common: yaml file: schema.yaml loaded successfuly]
[2025-06-29 17:24:11,080: INFO: common: created directory at: artifacts]
[2025-06-29 17:24:11,081: INFO: common: created directory at: artifacts/data_ingestion]
[2025-06-29 17:24:11,082: INFO: data_ingestion: File already exists of size: ~ 23 KB]
[2025-06-29 17:24:11,084: INFO: main: >>>>>> stage Data Ingestion completed <<<<<<

x==========x]
[2025-06-29 17:24:11,085: INFO: main: >>>>>> stage Data Validation started <<<<<<]
[2025-06-29 17:24:11,086: INFO: common: yaml file: config\config.yaml loaded successfuly]
[2025-06-29 17:24:11,087: INFO: common: yaml file: params.yaml loaded successfuly]
[2025-06-29 17:24:11,088: INFO: common: yaml file: schema.yaml loaded successfuly]
[2025-06-29 17:24:11,089: INFO: common: created directory at: artifacts]
[2025-06-29 17:24:11,089: INFO: common: created directory at: artifacts/data_validation]
[2025-06-29 17:24:11,094: INFO: main: >>>>>> stage Data Validation completed <<<<<<

x==========x]
[2025-06-29 17:24:11,095: INFO: main: >>>>>> stage Data Transformation started <<<<<<]
[2025-06-29 17:24:11,096: INFO: common: yaml file: config\config.yaml loaded successfuly]
[2025-06-29 17:24:11,097: INFO: common: yaml file: params.yaml loaded successfuly]
[2025-06-29 17:24:11,099: INFO: common: yaml file: schema.yaml loaded successfuly]
[2025-06-29 17:24:11,100: INFO: common: created directory at: artifacts]
[2025-06-29 17:24:11,100: INFO: common: created directory at: artifacts/data_transformation]
[2025-06-29 17:24:11,120: INFO: data_transformation: Splitted into trainig and testing sets]
[2025-06-29 17:24:11,120: INFO: data_transformation: training data shape: (1199, 12)]
[2025-06-29 17:24:11,121: INFO: data_transformation: testing data shape: (400, 12)]
[2025-06-29 17:24:11,121: INFO: main: >>>>>> stage Data Transformation completed <<<<<<

x==========x]
[2025-06-29 17:24:11,122: INFO: main: >>>>>> stage Model Trainer started <<<<<<]
[2025-06-29 17:24:11,124: INFO: common: yaml file: config\config.yaml loaded successfuly]
[2025-06-29 17:24:11,125: INFO: common: yaml file: params.yaml loaded successfuly]
[2025-06-29 17:24:11,126: INFO: common: yaml file: schema.yaml loaded successfuly]
[2025-06-29 17:24:11,127: INFO: common: created directory at: artifacts]
[2025-06-29 17:24:11,127: INFO: common: created directory at: artifacts/model_trainer]
[2025-06-29 17:24:11,141: INFO: main: >>>>>> stage Model Trainer completed <<<<<<

x==========x]
[2025-06-30 01:13:50,267: INFO: common: yaml file: config\config.yaml loaded successfuly]
[2025-06-30 01:13:50,273: INFO: common: yaml file: params.yaml loaded successfuly]
[2025-06-30 01:13:50,276: INFO: common: yaml file: schema.yaml loaded successfuly]
[2025-06-30 01:13:50,277: INFO: common: created directory at: artifacts]
[2025-06-30 01:14:17,823: INFO: common: yaml file: config\config.yaml loaded successfuly]
[2025-06-30 01:14:17,826: INFO: common: yaml file: params.yaml loaded successfuly]
[2025-06-30 01:14:17,828: INFO: common: yaml file: schema.yaml loaded successfuly]
[2025-06-30 01:14:17,830: INFO: common: created directory at: artifacts]
[2025-06-30 01:14:31,418: INFO: common: yaml file: config\config.yaml loaded successfuly]
[2025-06-30 01:14:31,421: INFO: common: yaml file: params.yaml loaded successfuly]
[2025-06-30 01:14:31,424: INFO: common: yaml file: schema.yaml loaded successfuly]
[2025-06-30 01:14:31,426: INFO: common: created directory at: artifacts]
[2025-06-30 01:15:00,004: INFO: common: yaml file: config\config.yaml loaded successfuly]
[2025-06-30 01:15:00,007: INFO: common: yaml file: params.yaml loaded successfuly]
[2025-06-30 01:15:00,010: INFO: common: yaml file: schema.yaml loaded successfuly]
[2025-06-30 01:15:00,013: INFO: common: created directory at: artifacts]
[2025-06-30 01:15:00,015: INFO: common: created directory at: artifacts/model_evlauation]
[2025-06-30 01:15:31,335: INFO: common: yaml file: config\config.yaml loaded successfuly]
[2025-06-30 01:15:31,336: INFO: common: yaml file: params.yaml loaded successfuly]
[2025-06-30 01:15:31,339: INFO: common: yaml file: schema.yaml loaded successfuly]
[2025-06-30 01:15:31,341: INFO: common: created directory at: artifacts]
[2025-06-30 01:15:31,342: INFO: common: created directory at: artifacts/model_evlauation]
[2025-06-30 01:16:03,944: INFO: common: yaml file: config\config.yaml loaded successfuly]
[2025-06-30 01:16:03,947: INFO: common: yaml file: params.yaml loaded successfuly]
[2025-06-30 01:16:03,949: INFO: common: yaml file: schema.yaml loaded successfuly]
[2025-06-30 01:16:03,951: INFO: common: created directory at: artifacts]
[2025-06-30 01:16:03,952: INFO: common: created directory at: artifacts/model_evlauation]
[2025-06-30 01:16:04,925: INFO: common: json file saved at: artifacts\model_evlauation\metrics.json]
[2025-06-30 01:18:15,538: INFO: common: yaml file: config\config.yaml loaded successfuly]
[2025-06-30 01:18:15,543: INFO: common: yaml file: params.yaml loaded successfuly]
[2025-06-30 01:18:15,545: INFO: common: yaml file: schema.yaml loaded successfuly]
[2025-06-30 01:18:15,547: INFO: common: created directory at: artifacts]
[2025-06-30 01:18:15,549: INFO: common: created directory at: artifacts/model_evlauation]
[2025-06-30 01:18:15,941: INFO: common: json file saved at: artifacts\model_evlauation\metrics.json]
[2025-06-30 01:21:49,305: INFO: common: yaml file: config\config.yaml loaded successfuly]
[2025-06-30 01:21:49,308: INFO: common: yaml file: params.yaml loaded successfuly]
[2025-06-30 01:21:49,311: INFO: common: yaml file: schema.yaml loaded successfuly]
[2025-06-30 01:21:49,312: INFO: common: created directory at: artifacts]
[2025-06-30 01:21:49,313: INFO: common: created directory at: artifacts/model_evlauation]
[2025-06-30 01:22:02,133: INFO: common: yaml file: config\config.yaml loaded successfuly]
[2025-06-30 01:22:02,136: INFO: common: yaml file: params.yaml loaded successfuly]
[2025-06-30 01:22:02,138: INFO: common: yaml file: schema.yaml loaded successfuly]
[2025-06-30 01:22:02,140: INFO: common: created directory at: artifacts]
[2025-06-30 01:22:02,141: INFO: common: created directory at: artifacts/model_evlauation]
[2025-06-30 01:22:23,989: INFO: _client: HTTP Request: POST https://dagshub.com/login/oauth/middleman "HTTP/1.1 200 OK"]
[2025-06-30 01:22:24,783: INFO: _client: HTTP Request: POST https://dagshub.com/login/oauth/access_token "HTTP/1.1 200 OK"]
[2025-06-30 01:22:25,621: INFO: _client: HTTP Request: GET https://dagshub.com/api/v1/user "HTTP/1.1 200 OK"]
[2025-06-30 01:22:25,630: INFO: helpers: Accessing as gauravkumaya]
[2025-06-30 01:22:26,474: INFO: _client: HTTP Request: GET https://dagshub.com/api/v1/repos/gauravkumaya/Wine_Quality_Prediction "HTTP/1.1 200 OK"]
[2025-06-30 01:22:27,203: INFO: _client: HTTP Request: GET https://dagshub.com/api/v1/user "HTTP/1.1 200 OK"]
[2025-06-30 01:22:27,217: INFO: helpers: Initialized MLflow to track repo "gauravkumaya/Wine_Quality_Prediction"]
[2025-06-30 01:22:27,221: INFO: helpers: Repository gauravkumaya/Wine_Quality_Prediction initialized!]
[2025-06-30 01:22:27,634: INFO: common: json file saved at: artifacts\model_evlauation\metrics.json]
[2025-06-30 01:24:42,292: INFO: common: yaml file: config\config.yaml loaded successfuly]
[2025-06-30 01:24:42,295: INFO: common: yaml file: params.yaml loaded successfuly]
[2025-06-30 01:24:42,299: INFO: common: yaml file: schema.yaml loaded successfuly]
[2025-06-30 01:24:42,301: INFO: common: created directory at: artifacts]
[2025-06-30 01:24:42,303: INFO: common: created directory at: artifacts/model_evlauation]
[2025-06-30 01:24:42,921: INFO: _client: HTTP Request: GET https://dagshub.com/api/v1/repos/gauravkumaya/Wine_Quality_Prediction "HTTP/1.1 200 OK"]
[2025-06-30 01:24:42,927: INFO: helpers: Initialized MLflow to track repo "gauravkumaya/Wine_Quality_Prediction"]
[2025-06-30 01:24:42,928: INFO: helpers: Repository gauravkumaya/Wine_Quality_Prediction initialized!]
[2025-06-30 01:24:43,320: INFO: common: json file saved at: artifacts\model_evlauation\metrics.json]
[2025-06-30 01:28:23,753: INFO: common: yaml file: config\config.yaml loaded successfuly]
[2025-06-30 01:28:23,756: INFO: common: yaml file: params.yaml loaded successfuly]
[2025-06-30 01:28:23,760: INFO: common: yaml file: schema.yaml loaded successfuly]
[2025-06-30 01:28:23,761: INFO: common: created directory at: artifacts]
[2025-06-30 01:28:23,763: INFO: common: created directory at: artifacts/model_evlauation]
[2025-06-30 01:28:24,423: INFO: _client: HTTP Request: GET https://dagshub.com/api/v1/repos/gauravkumaya/Wine_Quality_Prediction "HTTP/1.1 200 OK"]
[2025-06-30 01:28:24,428: INFO: helpers: Initialized MLflow to track repo "gauravkumaya/Wine_Quality_Prediction"]
[2025-06-30 01:28:24,430: INFO: helpers: Repository gauravkumaya/Wine_Quality_Prediction initialized!]
[2025-06-30 01:28:24,832: INFO: common: json file saved at: artifacts\model_evlauation\metrics.json]
[2025-06-30 01:33:38,638: INFO: common: yaml file: config\config.yaml loaded successfuly]
[2025-06-30 01:33:38,642: INFO: common: yaml file: params.yaml loaded successfuly]
[2025-06-30 01:33:38,645: INFO: common: yaml file: schema.yaml loaded successfuly]
[2025-06-30 01:33:38,648: INFO: common: created directory at: artifacts]
[2025-06-30 01:33:38,650: INFO: common: created directory at: artifacts/model_evlauation]
[2025-06-30 01:33:39,249: INFO: _client: HTTP Request: GET https://dagshub.com/api/v1/repos/gauravkumaya/Wine_Quality_Prediction "HTTP/1.1 200 OK"]
[2025-06-30 01:33:39,256: INFO: helpers: Initialized MLflow to track repo "gauravkumaya/Wine_Quality_Prediction"]
[2025-06-30 01:33:39,259: INFO: helpers: Repository gauravkumaya/Wine_Quality_Prediction initialized!]
[2025-06-30 01:33:39,649: INFO: common: json file saved at: artifacts\model_evlauation\metrics.json]
[2025-06-30 01:34:27,817: INFO: common: yaml file: config\config.yaml loaded successfuly]
[2025-06-30 01:34:27,820: INFO: common: yaml file: params.yaml loaded successfuly]
[2025-06-30 01:34:27,823: INFO: common: yaml file: schema.yaml loaded successfuly]
[2025-06-30 01:34:27,825: INFO: common: created directory at: artifacts]
[2025-06-30 01:34:27,827: INFO: common: created directory at: artifacts/model_evlauation]
[2025-06-30 01:34:28,496: INFO: common: json file saved at: artifacts\model_evlauation\metrics.json]
[2025-06-30 01:36:13,153: INFO: common: yaml file: config\config.yaml loaded successfuly]
[2025-06-30 01:36:13,156: INFO: common: yaml file: params.yaml loaded successfuly]
[2025-06-30 01:36:13,160: INFO: common: yaml file: schema.yaml loaded successfuly]
[2025-06-30 01:36:13,162: INFO: common: created directory at: artifacts]
[2025-06-30 01:36:13,164: INFO: common: created directory at: artifacts/model_evlauation]
[2025-06-30 01:38:13,214: WARNING: connectionpool: Retrying (Retry(total=6, connect=7, read=6, redirect=7, status=7)) after connection broken by 'ReadTimeoutError("HTTPSConnectionPool(host='127.0.0.1', port=5000): Read timed out. (read timeout=120)")': /api/2.0/mlflow/runs/create]
[2025-06-30 01:38:50,349: INFO: common: yaml file: config\config.yaml loaded successfuly]
[2025-06-30 01:38:50,351: INFO: common: yaml file: params.yaml loaded successfuly]
[2025-06-30 01:38:50,354: INFO: common: yaml file: schema.yaml loaded successfuly]
[2025-06-30 01:38:50,355: INFO: common: created directory at: artifacts]
[2025-06-30 01:38:50,356: INFO: common: created directory at: artifacts/model_evlauation]
[2025-06-30 01:38:50,638: INFO: common: json file saved at: artifacts\model_evlauation\metrics.json]
[2025-06-30 01:45:48,912: INFO: common: yaml file: config\config.yaml loaded successfuly]
[2025-06-30 01:45:48,916: INFO: common: yaml file: params.yaml loaded successfuly]
[2025-06-30 01:45:48,921: INFO: common: yaml file: schema.yaml loaded successfuly]
[2025-06-30 01:45:48,923: INFO: common: created directory at: artifacts]
[2025-06-30 01:45:48,925: INFO: common: created directory at: artifacts/model_evlauation]
[2025-06-30 01:47:32,886: INFO: common: yaml file: config\config.yaml loaded successfuly]
[2025-06-30 01:47:32,889: INFO: common: yaml file: params.yaml loaded successfuly]
[2025-06-30 01:47:32,892: INFO: common: yaml file: schema.yaml loaded successfuly]
[2025-06-30 01:47:32,894: INFO: common: created directory at: artifacts]
[2025-06-30 01:47:32,896: INFO: common: created directory at: artifacts/model_evlauation]
[2025-06-30 01:47:32,937: INFO: common: json file saved at: artifacts\model_evlauation\metrics.json]
[2025-06-30 01:52:54,402: INFO: common: yaml file: config\config.yaml loaded successfuly]
[2025-06-30 01:52:54,405: INFO: common: yaml file: params.yaml loaded successfuly]
[2025-06-30 01:52:54,410: INFO: common: yaml file: schema.yaml loaded successfuly]
[2025-06-30 01:52:54,412: INFO: common: created directory at: artifacts]
[2025-06-30 01:52:54,414: INFO: common: created directory at: artifacts/model_evlauation]
[2025-06-30 01:52:54,448: INFO: common: json file saved at: artifacts\model_evlauation\metrics.json]
[2025-06-30 01:54:50,870: INFO: common: yaml file: config\config.yaml loaded successfuly]
[2025-06-30 01:54:50,872: INFO: common: yaml file: params.yaml loaded successfuly]
[2025-06-30 01:54:50,875: INFO: common: yaml file: schema.yaml loaded successfuly]
[2025-06-30 01:54:50,878: INFO: common: created directory at: artifacts]
[2025-06-30 01:54:50,880: INFO: common: created directory at: artifacts/model_evlauation]
[2025-06-30 01:54:50,917: INFO: common: json file saved at: artifacts\model_evlauation\metrics.json]
[2025-06-30 02:10:17,598: INFO: main: >>>>>> stage Data Ingestion started <<<<<<]
[2025-06-30 02:10:17,603: INFO: common: yaml file: config\config.yaml loaded successfuly]
[2025-06-30 02:10:17,605: INFO: common: yaml file: params.yaml loaded successfuly]
[2025-06-30 02:10:17,607: INFO: common: yaml file: schema.yaml loaded successfuly]
[2025-06-30 02:10:17,608: INFO: common: created directory at: artifacts]
[2025-06-30 02:10:17,609: INFO: common: created directory at: artifacts/data_ingestion]
[2025-06-30 02:10:18,861: INFO: data_ingestion: artifacts/data_ingestion/data.zip download! with following info: 
Connection: close
Content-Length: 23329
Cache-Control: max-age=300
Content-Security-Policy: default-src 'none'; style-src 'unsafe-inline'; sandbox
Content-Type: application/zip
ETag: "c69888a4ae59bc5a893392785a938ccd4937981c06ba8a9d6a21aa52b4ab5b6e"
Strict-Transport-Security: max-age=31536000
X-Content-Type-Options: nosniff
X-Frame-Options: deny
X-XSS-Protection: 1; mode=block
X-GitHub-Request-Id: 4D09:ABD04:4548:139F0:6861A4B1
Accept-Ranges: bytes
Date: Sun, 29 Jun 2025 20:40:19 GMT
Via: 1.1 varnish
X-Served-By: cache-hyd1100022-HYD
X-Cache: MISS
X-Cache-Hits: 0
X-Timer: S1751229619.205721,VS0,VE270
Vary: Authorization,Accept-Encoding
Access-Control-Allow-Origin: *
Cross-Origin-Resource-Policy: cross-origin
X-Fastly-Request-ID: 2971ad687c217b697e80b73508af5e8ca3b0b246
Expires: Sun, 29 Jun 2025 20:45:19 GMT
Source-Age: 0

]
[2025-06-30 02:10:18,867: INFO: main: >>>>>> stage Data Ingestion completed <<<<<<

x==========x]
[2025-06-30 02:10:18,869: INFO: main: >>>>>> stage Data Validation started <<<<<<]
[2025-06-30 02:10:18,874: INFO: common: yaml file: config\config.yaml loaded successfuly]
[2025-06-30 02:10:18,875: INFO: common: yaml file: params.yaml loaded successfuly]
[2025-06-30 02:10:18,877: INFO: common: yaml file: schema.yaml loaded successfuly]
[2025-06-30 02:10:18,878: INFO: common: created directory at: artifacts]
[2025-06-30 02:10:18,879: INFO: common: created directory at: artifacts/data_validation]
[2025-06-30 02:10:18,893: INFO: main: >>>>>> stage Data Validation completed <<<<<<

x==========x]
[2025-06-30 02:10:18,895: INFO: main: >>>>>> stage Data Transformation started <<<<<<]
[2025-06-30 02:10:18,899: INFO: common: yaml file: config\config.yaml loaded successfuly]
[2025-06-30 02:10:18,900: INFO: common: yaml file: params.yaml loaded successfuly]
[2025-06-30 02:10:18,903: INFO: common: yaml file: schema.yaml loaded successfuly]
[2025-06-30 02:10:18,905: INFO: common: created directory at: artifacts]
[2025-06-30 02:10:18,905: INFO: common: created directory at: artifacts/data_transformation]
[2025-06-30 02:10:18,974: INFO: data_transformation: Splitted into trainig and testing sets]
[2025-06-30 02:10:18,974: INFO: data_transformation: training data shape: (1199, 12)]
[2025-06-30 02:10:18,976: INFO: data_transformation: testing data shape: (400, 12)]
[2025-06-30 02:10:18,977: INFO: main: >>>>>> stage Data Transformation completed <<<<<<

x==========x]
[2025-06-30 02:10:18,977: INFO: main: >>>>>> stage Model Trainer started <<<<<<]
[2025-06-30 02:10:18,981: INFO: common: yaml file: config\config.yaml loaded successfuly]
[2025-06-30 02:10:18,983: INFO: common: yaml file: params.yaml loaded successfuly]
[2025-06-30 02:10:18,997: INFO: common: yaml file: schema.yaml loaded successfuly]
[2025-06-30 02:10:19,000: INFO: common: created directory at: artifacts]
[2025-06-30 02:10:19,008: INFO: common: created directory at: artifacts/model_trainer]
[2025-06-30 02:10:19,045: INFO: main: >>>>>> stage Model Trainer completed <<<<<<

x==========x]
[2025-06-30 02:10:19,045: INFO: main: >>>>>> stage Model Evaluation started <<<<<<]
[2025-06-30 02:10:19,049: INFO: common: yaml file: config\config.yaml loaded successfuly]
[2025-06-30 02:10:19,055: INFO: common: yaml file: params.yaml loaded successfuly]
[2025-06-30 02:10:19,059: INFO: common: yaml file: schema.yaml loaded successfuly]
[2025-06-30 02:10:19,060: INFO: common: created directory at: artifacts]
[2025-06-30 02:10:19,061: INFO: common: created directory at: artifacts/model_evlauation]
[2025-06-30 02:10:19,665: ERROR: main: name 'save_json' is not defined]
Traceback (most recent call last):
  File "D:\Programming\MLOps\Practice\Wine_Quality_Prediction\main.py", line 60, in <module>
    obj.main()
    ~~~~~~~~^^
  File "d:\programming\mlops\practice\wine_quality_prediction\src\mlProject\pipeline\stage_05_model_evaluation.py", line 14, in main
    model_evaluation_config.log_into_mlflow()
    ~~~~~~~~~~~~~~~~~~~~~~~~~~~~~~~~~~~~~~~^^
  File "d:\programming\mlops\practice\wine_quality_prediction\src\mlProject\components\model_evaluation.py", line 46, in log_into_mlflow
    save_json(path=Path(self.config.metric_file_path), data=scores)
    ^^^^^^^^^
NameError: name 'save_json' is not defined
[2025-06-30 02:12:02,220: INFO: main: >>>>>> stage Data Ingestion started <<<<<<]
[2025-06-30 02:12:02,226: INFO: common: yaml file: config\config.yaml loaded successfuly]
[2025-06-30 02:12:02,227: INFO: common: yaml file: params.yaml loaded successfuly]
[2025-06-30 02:12:02,231: INFO: common: yaml file: schema.yaml loaded successfuly]
[2025-06-30 02:12:02,234: INFO: common: created directory at: artifacts]
[2025-06-30 02:12:02,235: INFO: common: created directory at: artifacts/data_ingestion]
[2025-06-30 02:12:02,236: INFO: data_ingestion: File already exists of size: ~ 23 KB]
[2025-06-30 02:12:02,241: INFO: main: >>>>>> stage Data Ingestion completed <<<<<<

x==========x]
[2025-06-30 02:12:02,241: INFO: main: >>>>>> stage Data Validation started <<<<<<]
[2025-06-30 02:12:02,246: INFO: common: yaml file: config\config.yaml loaded successfuly]
[2025-06-30 02:12:02,248: INFO: common: yaml file: params.yaml loaded successfuly]
[2025-06-30 02:12:02,254: INFO: common: yaml file: schema.yaml loaded successfuly]
[2025-06-30 02:12:02,256: INFO: common: created directory at: artifacts]
[2025-06-30 02:12:02,257: INFO: common: created directory at: artifacts/data_validation]
[2025-06-30 02:12:02,281: INFO: main: >>>>>> stage Data Validation completed <<<<<<

x==========x]
[2025-06-30 02:12:02,281: INFO: main: >>>>>> stage Data Transformation started <<<<<<]
[2025-06-30 02:12:02,289: INFO: common: yaml file: config\config.yaml loaded successfuly]
[2025-06-30 02:12:02,291: INFO: common: yaml file: params.yaml loaded successfuly]
[2025-06-30 02:12:02,295: INFO: common: yaml file: schema.yaml loaded successfuly]
[2025-06-30 02:12:02,296: INFO: common: created directory at: artifacts]
[2025-06-30 02:12:02,297: INFO: common: created directory at: artifacts/data_transformation]
[2025-06-30 02:12:02,361: INFO: data_transformation: Splitted into trainig and testing sets]
[2025-06-30 02:12:02,364: INFO: data_transformation: training data shape: (1199, 12)]
[2025-06-30 02:12:02,364: INFO: data_transformation: testing data shape: (400, 12)]
[2025-06-30 02:12:02,367: INFO: main: >>>>>> stage Data Transformation completed <<<<<<

x==========x]
[2025-06-30 02:12:02,372: INFO: main: >>>>>> stage Model Trainer started <<<<<<]
[2025-06-30 02:12:02,378: INFO: common: yaml file: config\config.yaml loaded successfuly]
[2025-06-30 02:12:02,380: INFO: common: yaml file: params.yaml loaded successfuly]
[2025-06-30 02:12:02,387: INFO: common: yaml file: schema.yaml loaded successfuly]
[2025-06-30 02:12:02,391: INFO: common: created directory at: artifacts]
[2025-06-30 02:12:02,394: INFO: common: created directory at: artifacts/model_trainer]
[2025-06-30 02:12:02,413: INFO: main: >>>>>> stage Model Trainer completed <<<<<<

x==========x]
[2025-06-30 02:12:02,414: INFO: main: >>>>>> stage Model Evaluation started <<<<<<]
[2025-06-30 02:12:02,419: INFO: common: yaml file: config\config.yaml loaded successfuly]
[2025-06-30 02:12:02,422: INFO: common: yaml file: params.yaml loaded successfuly]
[2025-06-30 02:12:02,425: INFO: common: yaml file: schema.yaml loaded successfuly]
[2025-06-30 02:12:02,426: INFO: common: created directory at: artifacts]
[2025-06-30 02:12:02,426: INFO: common: created directory at: artifacts/model_evlauation]
[2025-06-30 02:12:03,096: ERROR: main: name 'Path' is not defined]
Traceback (most recent call last):
  File "D:\Programming\MLOps\Practice\Wine_Quality_Prediction\main.py", line 60, in <module>
    obj.main()
    ~~~~~~~~^^
  File "d:\programming\mlops\practice\wine_quality_prediction\src\mlProject\pipeline\stage_05_model_evaluation.py", line 14, in main
    model_evaluation_config.log_into_mlflow()
    ~~~~~~~~~~~~~~~~~~~~~~~~~~~~~~~~~~~~~~~^^
  File "d:\programming\mlops\practice\wine_quality_prediction\src\mlProject\components\model_evaluation.py", line 47, in log_into_mlflow
    save_json(path=Path(self.config.metric_file_path), data=scores)
                   ^^^^
NameError: name 'Path' is not defined
[2025-06-30 02:12:51,975: INFO: main: >>>>>> stage Data Ingestion started <<<<<<]
[2025-06-30 02:12:51,979: INFO: common: yaml file: config\config.yaml loaded successfuly]
[2025-06-30 02:12:51,980: INFO: common: yaml file: params.yaml loaded successfuly]
[2025-06-30 02:12:51,984: INFO: common: yaml file: schema.yaml loaded successfuly]
[2025-06-30 02:12:51,985: INFO: common: created directory at: artifacts]
[2025-06-30 02:12:51,985: INFO: common: created directory at: artifacts/data_ingestion]
[2025-06-30 02:12:51,986: INFO: data_ingestion: File already exists of size: ~ 23 KB]
[2025-06-30 02:12:51,990: INFO: main: >>>>>> stage Data Ingestion completed <<<<<<

x==========x]
[2025-06-30 02:12:51,990: INFO: main: >>>>>> stage Data Validation started <<<<<<]
[2025-06-30 02:12:51,994: INFO: common: yaml file: config\config.yaml loaded successfuly]
[2025-06-30 02:12:51,995: INFO: common: yaml file: params.yaml loaded successfuly]
[2025-06-30 02:12:51,999: INFO: common: yaml file: schema.yaml loaded successfuly]
[2025-06-30 02:12:52,000: INFO: common: created directory at: artifacts]
[2025-06-30 02:12:52,001: INFO: common: created directory at: artifacts/data_validation]
[2025-06-30 02:12:52,022: INFO: main: >>>>>> stage Data Validation completed <<<<<<

x==========x]
[2025-06-30 02:12:52,023: INFO: main: >>>>>> stage Data Transformation started <<<<<<]
[2025-06-30 02:12:52,027: INFO: common: yaml file: config\config.yaml loaded successfuly]
[2025-06-30 02:12:52,029: INFO: common: yaml file: params.yaml loaded successfuly]
[2025-06-30 02:12:52,033: INFO: common: yaml file: schema.yaml loaded successfuly]
[2025-06-30 02:12:52,034: INFO: common: created directory at: artifacts]
[2025-06-30 02:12:52,035: INFO: common: created directory at: artifacts/data_transformation]
[2025-06-30 02:12:52,076: INFO: data_transformation: Splitted into trainig and testing sets]
[2025-06-30 02:12:52,077: INFO: data_transformation: training data shape: (1199, 12)]
[2025-06-30 02:12:52,077: INFO: data_transformation: testing data shape: (400, 12)]
[2025-06-30 02:12:52,078: INFO: main: >>>>>> stage Data Transformation completed <<<<<<

x==========x]
[2025-06-30 02:12:52,078: INFO: main: >>>>>> stage Model Trainer started <<<<<<]
[2025-06-30 02:12:52,082: INFO: common: yaml file: config\config.yaml loaded successfuly]
[2025-06-30 02:12:52,086: INFO: common: yaml file: params.yaml loaded successfuly]
[2025-06-30 02:12:52,088: INFO: common: yaml file: schema.yaml loaded successfuly]
[2025-06-30 02:12:52,089: INFO: common: created directory at: artifacts]
[2025-06-30 02:12:52,090: INFO: common: created directory at: artifacts/model_trainer]
[2025-06-30 02:12:52,108: INFO: main: >>>>>> stage Model Trainer completed <<<<<<

x==========x]
[2025-06-30 02:12:52,108: INFO: main: >>>>>> stage Model Evaluation started <<<<<<]
[2025-06-30 02:12:52,112: INFO: common: yaml file: config\config.yaml loaded successfuly]
[2025-06-30 02:12:52,115: INFO: common: yaml file: params.yaml loaded successfuly]
[2025-06-30 02:12:52,122: INFO: common: yaml file: schema.yaml loaded successfuly]
[2025-06-30 02:12:52,123: INFO: common: created directory at: artifacts]
[2025-06-30 02:12:52,124: INFO: common: created directory at: artifacts/model_evlauation]
[2025-06-30 02:12:52,558: INFO: common: json file saved at: artifacts\model_evlauation\metrics.json]
[2025-06-30 02:12:59,953: INFO: main: >>>>>> stage Model Evaluation completed <<<<<<

x==========x]
[2025-06-30 02:15:35,463: INFO: main: >>>>>> stage Data Ingestion started <<<<<<]
[2025-06-30 02:15:35,469: INFO: common: yaml file: config\config.yaml loaded successfuly]
[2025-06-30 02:15:35,470: INFO: common: yaml file: params.yaml loaded successfuly]
[2025-06-30 02:15:35,473: INFO: common: yaml file: schema.yaml loaded successfuly]
[2025-06-30 02:15:35,474: INFO: common: created directory at: artifacts]
[2025-06-30 02:15:35,474: INFO: common: created directory at: artifacts/data_ingestion]
[2025-06-30 02:15:36,339: INFO: data_ingestion: artifacts/data_ingestion/data.zip download! with following info: 
Connection: close
Content-Length: 23329
Cache-Control: max-age=300
Content-Security-Policy: default-src 'none'; style-src 'unsafe-inline'; sandbox
Content-Type: application/zip
ETag: "c69888a4ae59bc5a893392785a938ccd4937981c06ba8a9d6a21aa52b4ab5b6e"
Strict-Transport-Security: max-age=31536000
X-Content-Type-Options: nosniff
X-Frame-Options: deny
X-XSS-Protection: 1; mode=block
X-GitHub-Request-Id: 4D09:ABD04:4548:139F0:6861A4B1
Accept-Ranges: bytes
Date: Sun, 29 Jun 2025 20:45:36 GMT
Via: 1.1 varnish
X-Served-By: cache-hyd1100020-HYD
X-Cache: HIT
X-Cache-Hits: 0
X-Timer: S1751229937.725189,VS0,VE238
Vary: Authorization,Accept-Encoding
Access-Control-Allow-Origin: *
Cross-Origin-Resource-Policy: cross-origin
X-Fastly-Request-ID: 459d3a6b1f64e0aa49c719b31e13e4685a95eca5
Expires: Sun, 29 Jun 2025 20:50:36 GMT
Source-Age: 0

]
[2025-06-30 02:15:36,342: INFO: main: >>>>>> stage Data Ingestion completed <<<<<<

x==========x]
[2025-06-30 02:15:36,343: INFO: main: >>>>>> stage Data Validation started <<<<<<]
[2025-06-30 02:15:36,346: INFO: common: yaml file: config\config.yaml loaded successfuly]
[2025-06-30 02:15:36,347: INFO: common: yaml file: params.yaml loaded successfuly]
[2025-06-30 02:15:36,350: INFO: common: yaml file: schema.yaml loaded successfuly]
[2025-06-30 02:15:36,350: INFO: common: created directory at: artifacts]
[2025-06-30 02:15:36,351: INFO: common: created directory at: artifacts/data_validation]
[2025-06-30 02:15:36,362: INFO: main: >>>>>> stage Data Validation completed <<<<<<

x==========x]
[2025-06-30 02:15:36,362: INFO: main: >>>>>> stage Data Transformation started <<<<<<]
[2025-06-30 02:15:36,367: INFO: common: yaml file: config\config.yaml loaded successfuly]
[2025-06-30 02:15:36,369: INFO: common: yaml file: params.yaml loaded successfuly]
[2025-06-30 02:15:36,372: INFO: common: yaml file: schema.yaml loaded successfuly]
[2025-06-30 02:15:36,375: INFO: common: created directory at: artifacts]
[2025-06-30 02:15:36,378: INFO: common: created directory at: artifacts/data_transformation]
[2025-06-30 02:15:36,411: INFO: data_transformation: Splitted into trainig and testing sets]
[2025-06-30 02:15:36,411: INFO: data_transformation: training data shape: (1199, 12)]
[2025-06-30 02:15:36,412: INFO: data_transformation: testing data shape: (400, 12)]
[2025-06-30 02:15:36,413: INFO: main: >>>>>> stage Data Transformation completed <<<<<<

x==========x]
[2025-06-30 02:15:36,414: INFO: main: >>>>>> stage Model Trainer started <<<<<<]
[2025-06-30 02:15:36,418: INFO: common: yaml file: config\config.yaml loaded successfuly]
[2025-06-30 02:15:36,422: INFO: common: yaml file: params.yaml loaded successfuly]
[2025-06-30 02:15:36,424: INFO: common: yaml file: schema.yaml loaded successfuly]
[2025-06-30 02:15:36,425: INFO: common: created directory at: artifacts]
[2025-06-30 02:15:36,426: INFO: common: created directory at: artifacts/model_trainer]
[2025-06-30 02:15:36,446: INFO: main: >>>>>> stage Model Trainer completed <<<<<<

x==========x]
[2025-06-30 02:15:36,447: INFO: main: >>>>>> stage Model Evaluation started <<<<<<]
[2025-06-30 02:15:36,451: INFO: common: yaml file: config\config.yaml loaded successfuly]
[2025-06-30 02:15:36,453: INFO: common: yaml file: params.yaml loaded successfuly]
[2025-06-30 02:15:36,457: INFO: common: yaml file: schema.yaml loaded successfuly]
[2025-06-30 02:15:36,458: INFO: common: created directory at: artifacts]
[2025-06-30 02:15:36,459: INFO: common: created directory at: artifacts/model_evlauation]
[2025-06-30 02:15:36,932: INFO: common: json file saved at: artifacts\model_evlauation\metrics.json]
[2025-06-30 02:15:44,232: INFO: main: >>>>>> stage Model Evaluation completed <<<<<<

x==========x]
